Archive member included to satisfy reference by file (symbol)

/usr/local/Cellar/avr-gcc@9/9.4.0_1/avr/lib/avr25/libm.a(addsf3.o)
                              /var/folders/sh/lj4855x88xqgpw006s7bny180000gn/T//cc3zFjrp.o (__subsf3)
/usr/local/Cellar/avr-gcc@9/9.4.0_1/avr/lib/avr25/libm.a(addsf3x.o)
                              /usr/local/Cellar/avr-gcc@9/9.4.0_1/avr/lib/avr25/libm.a(addsf3.o) (__addsf3x)
/usr/local/Cellar/avr-gcc@9/9.4.0_1/avr/lib/avr25/libm.a(cmpsf2.o)
                              /var/folders/sh/lj4855x88xqgpw006s7bny180000gn/T//cc3zFjrp.o (__ltsf2)
/usr/local/Cellar/avr-gcc@9/9.4.0_1/avr/lib/avr25/libm.a(fixunssfsi.o)
                              /var/folders/sh/lj4855x88xqgpw006s7bny180000gn/T//cc3zFjrp.o (__fixunssfsi)
/usr/local/Cellar/avr-gcc@9/9.4.0_1/avr/lib/avr25/libm.a(fp_cmp.o)
                              /usr/local/Cellar/avr-gcc@9/9.4.0_1/avr/lib/avr25/libm.a(cmpsf2.o) (__fp_cmp)
/usr/local/Cellar/avr-gcc@9/9.4.0_1/avr/lib/avr25/libm.a(fp_inf.o)
                              /usr/local/Cellar/avr-gcc@9/9.4.0_1/avr/lib/avr25/libm.a(addsf3x.o) (__fp_inf)
/usr/local/Cellar/avr-gcc@9/9.4.0_1/avr/lib/avr25/libm.a(fp_nan.o)
                              /usr/local/Cellar/avr-gcc@9/9.4.0_1/avr/lib/avr25/libm.a(addsf3x.o) (__fp_nan)
/usr/local/Cellar/avr-gcc@9/9.4.0_1/avr/lib/avr25/libm.a(fp_pscA.o)
                              /usr/local/Cellar/avr-gcc@9/9.4.0_1/avr/lib/avr25/libm.a(addsf3x.o) (__fp_pscA)
/usr/local/Cellar/avr-gcc@9/9.4.0_1/avr/lib/avr25/libm.a(fp_pscB.o)
                              /usr/local/Cellar/avr-gcc@9/9.4.0_1/avr/lib/avr25/libm.a(addsf3x.o) (__fp_pscB)
/usr/local/Cellar/avr-gcc@9/9.4.0_1/avr/lib/avr25/libm.a(fp_round.o)
                              /usr/local/Cellar/avr-gcc@9/9.4.0_1/avr/lib/avr25/libm.a(addsf3.o) (__fp_round)
/usr/local/Cellar/avr-gcc@9/9.4.0_1/avr/lib/avr25/libm.a(fp_split3.o)
                              /usr/local/Cellar/avr-gcc@9/9.4.0_1/avr/lib/avr25/libm.a(addsf3x.o) (__fp_split3)
/usr/local/Cellar/avr-gcc@9/9.4.0_1/avr/lib/avr25/libm.a(fp_zero.o)
                              /usr/local/Cellar/avr-gcc@9/9.4.0_1/avr/lib/avr25/libm.a(addsf3x.o) (__fp_zero)
/usr/local/Cellar/avr-gcc@9/9.4.0_1/avr/lib/avr25/libm.a(gesf2.o)
                              /var/folders/sh/lj4855x88xqgpw006s7bny180000gn/T//cc3zFjrp.o (__gtsf2)
/usr/local/Cellar/avr-gcc@9/9.4.0_1/avr/lib/avr25/libm.a(mulsf3.o)
                              /var/folders/sh/lj4855x88xqgpw006s7bny180000gn/T//cc3zFjrp.o (__mulsf3)
/usr/local/Cellar/avr-gcc@9/9.4.0_1/avr/lib/avr25/libm.a(mulsf3x.o)
                              /usr/local/Cellar/avr-gcc@9/9.4.0_1/avr/lib/avr25/libm.a(mulsf3.o) (__mulsf3x)
/usr/local/Cellar/avr-gcc@9/9.4.0_1/lib/avr-gcc/9/gcc/avr/9.4.0/avr25/libgcc.a(_udivmodsi4.o)
                              /var/folders/sh/lj4855x88xqgpw006s7bny180000gn/T//cc3zFjrp.o (__udivmodsi4)
/usr/local/Cellar/avr-gcc@9/9.4.0_1/lib/avr-gcc/9/gcc/avr/9.4.0/avr25/libgcc.a(_exit.o)
                              /usr/local/Cellar/avr-gcc@9/9.4.0_1/lib/avr-gcc/9/gcc/avr/9.4.0/../../../../../../avr/lib/avr25/crtattiny85.o (exit)
/usr/local/Cellar/avr-gcc@9/9.4.0_1/lib/avr-gcc/9/gcc/avr/9.4.0/avr25/libgcc.a(_copy_data.o)
                              /var/folders/sh/lj4855x88xqgpw006s7bny180000gn/T//cc3zFjrp.o (__do_copy_data)
/usr/local/Cellar/avr-gcc@9/9.4.0_1/lib/avr-gcc/9/gcc/avr/9.4.0/avr25/libgcc.a(_clear_bss.o)
                              /var/folders/sh/lj4855x88xqgpw006s7bny180000gn/T//cc3zFjrp.o (__do_clear_bss)

There are no discarded input sections

Memory Configuration

Name             Origin             Length             Attributes
text             0x00000000         0x00002000         xr
data             0x00800060         0x0000ffa0         rw!x
eeprom           0x00810000         0x00010000         rw!x
fuse             0x00820000         0x00000003         rw!x
lock             0x00830000         0x00000400         rw!x
signature        0x00840000         0x00000400         rw!x
user_signatures  0x00850000         0x00000400         rw!x
*default*        0x00000000         0xffffffff

Linker script and memory map

LOAD /usr/local/Cellar/avr-gcc@9/9.4.0_1/lib/avr-gcc/9/gcc/avr/9.4.0/../../../../../../avr/lib/avr25/crtattiny85.o
LOAD /var/folders/sh/lj4855x88xqgpw006s7bny180000gn/T//cc3zFjrp.o
LOAD /usr/local/Cellar/avr-gcc@9/9.4.0_1/avr/lib/avr25/libm.a
START GROUP
LOAD /usr/local/Cellar/avr-gcc@9/9.4.0_1/lib/avr-gcc/9/gcc/avr/9.4.0/avr25/libgcc.a
LOAD /usr/local/Cellar/avr-gcc@9/9.4.0_1/avr/lib/avr25/libm.a
LOAD /usr/local/Cellar/avr-gcc@9/9.4.0_1/avr/lib/avr25/libc.a
LOAD /usr/local/Cellar/avr-gcc@9/9.4.0_1/avr/lib/avr25/libattiny85.a
END GROUP
                0x00000000                        __TEXT_REGION_ORIGIN__ = DEFINED (__TEXT_REGION_ORIGIN__)?__TEXT_REGION_ORIGIN__:0x0
                0x00002000                        __TEXT_REGION_LENGTH__ = DEFINED (__TEXT_REGION_LENGTH__)?__TEXT_REGION_LENGTH__:0x2000
                0x00800060                        __DATA_REGION_ORIGIN__ = DEFINED (__DATA_REGION_ORIGIN__)?__DATA_REGION_ORIGIN__:0x800060
                0x0000ffa0                        __DATA_REGION_LENGTH__ = DEFINED (__DATA_REGION_LENGTH__)?__DATA_REGION_LENGTH__:0xffa0
                0x00010000                        __EEPROM_REGION_LENGTH__ = DEFINED (__EEPROM_REGION_LENGTH__)?__EEPROM_REGION_LENGTH__:0x10000
                [0x00000003]                      __FUSE_REGION_LENGTH__ = DEFINED (__FUSE_REGION_LENGTH__)?__FUSE_REGION_LENGTH__:0x400
                0x00000400                        __LOCK_REGION_LENGTH__ = DEFINED (__LOCK_REGION_LENGTH__)?__LOCK_REGION_LENGTH__:0x400
                0x00000400                        __SIGNATURE_REGION_LENGTH__ = DEFINED (__SIGNATURE_REGION_LENGTH__)?__SIGNATURE_REGION_LENGTH__:0x400
                0x00000400                        __USER_SIGNATURE_REGION_LENGTH__ = DEFINED (__USER_SIGNATURE_REGION_LENGTH__)?__USER_SIGNATURE_REGION_LENGTH__:0x400

.hash
 *(.hash)

.dynsym
 *(.dynsym)

.dynstr
 *(.dynstr)

.gnu.version
 *(.gnu.version)

.gnu.version_d
 *(.gnu.version_d)

.gnu.version_r
 *(.gnu.version_r)

.rel.init
 *(.rel.init)

.rela.init
 *(.rela.init)

.rel.text
 *(.rel.text)
 *(.rel.text.*)
 *(.rel.gnu.linkonce.t*)

.rela.text
 *(.rela.text)
 *(.rela.text.*)
 *(.rela.gnu.linkonce.t*)

.rel.fini
 *(.rel.fini)

.rela.fini
 *(.rela.fini)

.rel.rodata
 *(.rel.rodata)
 *(.rel.rodata.*)
 *(.rel.gnu.linkonce.r*)

.rela.rodata
 *(.rela.rodata)
 *(.rela.rodata.*)
 *(.rela.gnu.linkonce.r*)

.rel.data
 *(.rel.data)
 *(.rel.data.*)
 *(.rel.gnu.linkonce.d*)

.rela.data
 *(.rela.data)
 *(.rela.data.*)
 *(.rela.gnu.linkonce.d*)

.rel.ctors
 *(.rel.ctors)

.rela.ctors
 *(.rela.ctors)

.rel.dtors
 *(.rel.dtors)

.rela.dtors
 *(.rela.dtors)

.rel.got
 *(.rel.got)

.rela.got
 *(.rela.got)

.rel.bss
 *(.rel.bss)

.rela.bss
 *(.rela.bss)

.rel.plt
 *(.rel.plt)

.rela.plt
 *(.rela.plt)

.text           0x00000000      0x688
 *(.vectors)
 .vectors       0x00000000       0x1e /usr/local/Cellar/avr-gcc@9/9.4.0_1/lib/avr-gcc/9/gcc/avr/9.4.0/../../../../../../avr/lib/avr25/crtattiny85.o
                0x00000000                __vectors
                0x00000000                __vector_default
 *(.vectors)
 *(.progmem.gcc*)
                0x0000001e                        . = ALIGN (0x2)
                0x0000001e                        __trampolines_start = .
 *(.trampolines)
 .trampolines   0x0000001e        0x0 linker stubs
 *(.trampolines*)
                0x0000001e                        __trampolines_end = .
 *libprintf_flt.a:*(.progmem.data)
 *libc.a:*(.progmem.data)
 *(.progmem.*)
                0x0000001e                        . = ALIGN (0x2)
 *(.lowtext)
 *(.lowtext*)
                0x0000001e                        __ctors_start = .
 *(.ctors)
                0x0000001e                        __ctors_end = .
                0x0000001e                        __dtors_start = .
 *(.dtors)
                0x0000001e                        __dtors_end = .
 SORT_BY_NAME(*)(.ctors)
 SORT_BY_NAME(*)(.dtors)
 *(.init0)
 .init0         0x0000001e        0x0 /usr/local/Cellar/avr-gcc@9/9.4.0_1/lib/avr-gcc/9/gcc/avr/9.4.0/../../../../../../avr/lib/avr25/crtattiny85.o
                0x0000001e                __init
 *(.init0)
 *(.init1)
 *(.init1)
 *(.init2)
 .init2         0x0000001e        0xc /usr/local/Cellar/avr-gcc@9/9.4.0_1/lib/avr-gcc/9/gcc/avr/9.4.0/../../../../../../avr/lib/avr25/crtattiny85.o
 *(.init2)
 *(.init3)
 *(.init3)
 *(.init4)
 .init4         0x0000002a       0x16 /usr/local/Cellar/avr-gcc@9/9.4.0_1/lib/avr-gcc/9/gcc/avr/9.4.0/avr25/libgcc.a(_copy_data.o)
                0x0000002a                __do_copy_data
 .init4         0x00000040       0x10 /usr/local/Cellar/avr-gcc@9/9.4.0_1/lib/avr-gcc/9/gcc/avr/9.4.0/avr25/libgcc.a(_clear_bss.o)
                0x00000040                __do_clear_bss
 *(.init4)
 *(.init5)
 *(.init5)
 *(.init6)
 *(.init6)
 *(.init7)
 *(.init7)
 *(.init8)
 *(.init8)
 *(.init9)
 .init9         0x00000050        0x4 /usr/local/Cellar/avr-gcc@9/9.4.0_1/lib/avr-gcc/9/gcc/avr/9.4.0/../../../../../../avr/lib/avr25/crtattiny85.o
 *(.init9)
 *(.text)
 .text          0x00000054        0x2 /usr/local/Cellar/avr-gcc@9/9.4.0_1/lib/avr-gcc/9/gcc/avr/9.4.0/../../../../../../avr/lib/avr25/crtattiny85.o
                0x00000054                __vector_10
                0x00000054                __vector_12
                0x00000054                __bad_interrupt
                0x00000054                __vector_6
                0x00000054                __vector_3
                0x00000054                __vector_11
                0x00000054                __vector_13
                0x00000054                __vector_7
                0x00000054                __vector_5
                0x00000054                __vector_4
                0x00000054                __vector_9
                0x00000054                __vector_2
                0x00000054                __vector_8
                0x00000054                __vector_14
                0x00000054                __vector_1
 .text          0x00000056       0x50 /var/folders/sh/lj4855x88xqgpw006s7bny180000gn/T//cc3zFjrp.o
                0x00000056                delayuss
                0x0000006c                delayms
 .text          0x000000a6        0x0 /usr/local/Cellar/avr-gcc@9/9.4.0_1/avr/lib/avr25/libm.a(addsf3.o)
 .text          0x000000a6        0x0 /usr/local/Cellar/avr-gcc@9/9.4.0_1/avr/lib/avr25/libm.a(addsf3x.o)
 .text          0x000000a6        0x0 /usr/local/Cellar/avr-gcc@9/9.4.0_1/avr/lib/avr25/libm.a(cmpsf2.o)
 .text          0x000000a6        0x0 /usr/local/Cellar/avr-gcc@9/9.4.0_1/avr/lib/avr25/libm.a(fixunssfsi.o)
 .text          0x000000a6        0x0 /usr/local/Cellar/avr-gcc@9/9.4.0_1/avr/lib/avr25/libm.a(fp_cmp.o)
 .text          0x000000a6        0x0 /usr/local/Cellar/avr-gcc@9/9.4.0_1/avr/lib/avr25/libm.a(fp_inf.o)
 .text          0x000000a6        0x0 /usr/local/Cellar/avr-gcc@9/9.4.0_1/avr/lib/avr25/libm.a(fp_nan.o)
 .text          0x000000a6        0x0 /usr/local/Cellar/avr-gcc@9/9.4.0_1/avr/lib/avr25/libm.a(fp_pscA.o)
 .text          0x000000a6        0x0 /usr/local/Cellar/avr-gcc@9/9.4.0_1/avr/lib/avr25/libm.a(fp_pscB.o)
 .text          0x000000a6        0x0 /usr/local/Cellar/avr-gcc@9/9.4.0_1/avr/lib/avr25/libm.a(fp_round.o)
 .text          0x000000a6        0x0 /usr/local/Cellar/avr-gcc@9/9.4.0_1/avr/lib/avr25/libm.a(fp_split3.o)
 .text          0x000000a6        0x0 /usr/local/Cellar/avr-gcc@9/9.4.0_1/avr/lib/avr25/libm.a(fp_zero.o)
 .text          0x000000a6        0x0 /usr/local/Cellar/avr-gcc@9/9.4.0_1/avr/lib/avr25/libm.a(gesf2.o)
 .text          0x000000a6        0x0 /usr/local/Cellar/avr-gcc@9/9.4.0_1/avr/lib/avr25/libm.a(mulsf3.o)
 .text          0x000000a6        0x0 /usr/local/Cellar/avr-gcc@9/9.4.0_1/avr/lib/avr25/libm.a(mulsf3x.o)
 .text          0x000000a6        0x0 /usr/local/Cellar/avr-gcc@9/9.4.0_1/lib/avr-gcc/9/gcc/avr/9.4.0/avr25/libgcc.a(_udivmodsi4.o)
 .text          0x000000a6        0x0 /usr/local/Cellar/avr-gcc@9/9.4.0_1/lib/avr-gcc/9/gcc/avr/9.4.0/avr25/libgcc.a(_exit.o)
 .text          0x000000a6        0x0 /usr/local/Cellar/avr-gcc@9/9.4.0_1/lib/avr-gcc/9/gcc/avr/9.4.0/avr25/libgcc.a(_copy_data.o)
 .text          0x000000a6        0x0 /usr/local/Cellar/avr-gcc@9/9.4.0_1/lib/avr-gcc/9/gcc/avr/9.4.0/avr25/libgcc.a(_clear_bss.o)
                0x000000a6                        . = ALIGN (0x2)
 *(.text.*)
 .text.startup  0x000000a6      0x2a8 /var/folders/sh/lj4855x88xqgpw006s7bny180000gn/T//cc3zFjrp.o
                0x000000a6                main
 .text.avr-libc.fplib
                0x0000034e        0xa /usr/local/Cellar/avr-gcc@9/9.4.0_1/avr/lib/avr25/libm.a(addsf3.o)
                0x0000034e                __subsf3
                0x00000350                __addsf3
 .text.avr-libc.fplib
                0x00000358       0xc0 /usr/local/Cellar/avr-gcc@9/9.4.0_1/avr/lib/avr25/libm.a(addsf3x.o)
                0x00000372                __addsf3x
 .text.avr-libc.fplib
                0x00000418        0x8 /usr/local/Cellar/avr-gcc@9/9.4.0_1/avr/lib/avr25/libm.a(cmpsf2.o)
                0x00000418                __lesf2
                0x00000418                __nesf2
                0x00000418                __eqsf2
                0x00000418                __cmpsf2
                0x00000418                __ltsf2
 .text.avr-libc.fplib
                0x00000420       0x58 /usr/local/Cellar/avr-gcc@9/9.4.0_1/avr/lib/avr25/libm.a(fixunssfsi.o)
                0x00000420                __fixunssfsi
 .text.avr-libc.fplib
                0x00000478       0x48 /usr/local/Cellar/avr-gcc@9/9.4.0_1/avr/lib/avr25/libm.a(fp_cmp.o)
                0x00000478                __fp_cmp
 .text.avr-libc.fplib
                0x000004c0        0xc /usr/local/Cellar/avr-gcc@9/9.4.0_1/avr/lib/avr25/libm.a(fp_inf.o)
                0x000004c0                __fp_inf
 .text.avr-libc.fplib
                0x000004cc        0x6 /usr/local/Cellar/avr-gcc@9/9.4.0_1/avr/lib/avr25/libm.a(fp_nan.o)
                0x000004cc                __fp_nan
 .text.avr-libc.fplib
                0x000004d2        0xe /usr/local/Cellar/avr-gcc@9/9.4.0_1/avr/lib/avr25/libm.a(fp_pscA.o)
                0x000004d2                __fp_pscA
 .text.avr-libc.fplib
                0x000004e0        0xe /usr/local/Cellar/avr-gcc@9/9.4.0_1/avr/lib/avr25/libm.a(fp_pscB.o)
                0x000004e0                __fp_pscB
 .text.avr-libc.fplib
                0x000004ee       0x22 /usr/local/Cellar/avr-gcc@9/9.4.0_1/avr/lib/avr25/libm.a(fp_round.o)
                0x000004ee                __fp_round
 .text.avr-libc.fplib
                0x00000510       0x44 /usr/local/Cellar/avr-gcc@9/9.4.0_1/avr/lib/avr25/libm.a(fp_split3.o)
                0x00000510                __fp_split3
                0x00000520                __fp_splitA
 .text.avr-libc.fplib
                0x00000554        0xe /usr/local/Cellar/avr-gcc@9/9.4.0_1/avr/lib/avr25/libm.a(fp_zero.o)
                0x00000554                __fp_zero
                0x00000556                __fp_szero
 .text.avr-libc.fplib
                0x00000562        0x8 /usr/local/Cellar/avr-gcc@9/9.4.0_1/avr/lib/avr25/libm.a(gesf2.o)
                0x00000562                __gtsf2
                0x00000562                __gesf2
 .text.avr-libc.fplib
                0x0000056a        0x4 /usr/local/Cellar/avr-gcc@9/9.4.0_1/avr/lib/avr25/libm.a(mulsf3.o)
                0x0000056a                __mulsf3
 .text.avr-libc.fplib
                0x0000056e       0xd2 /usr/local/Cellar/avr-gcc@9/9.4.0_1/avr/lib/avr25/libm.a(mulsf3x.o)
                0x00000580                __mulsf3x
                0x00000584                __mulsf3_pse
 .text.libgcc.mul
                0x00000640        0x0 /usr/local/Cellar/avr-gcc@9/9.4.0_1/lib/avr-gcc/9/gcc/avr/9.4.0/avr25/libgcc.a(_udivmodsi4.o)
 .text.libgcc.div
                0x00000640       0x44 /usr/local/Cellar/avr-gcc@9/9.4.0_1/lib/avr-gcc/9/gcc/avr/9.4.0/avr25/libgcc.a(_udivmodsi4.o)
                0x00000640                __udivmodsi4
 .text.libgcc   0x00000684        0x0 /usr/local/Cellar/avr-gcc@9/9.4.0_1/lib/avr-gcc/9/gcc/avr/9.4.0/avr25/libgcc.a(_udivmodsi4.o)
 .text.libgcc.prologue
                0x00000684        0x0 /usr/local/Cellar/avr-gcc@9/9.4.0_1/lib/avr-gcc/9/gcc/avr/9.4.0/avr25/libgcc.a(_udivmodsi4.o)
 .text.libgcc.builtins
                0x00000684        0x0 /usr/local/Cellar/avr-gcc@9/9.4.0_1/lib/avr-gcc/9/gcc/avr/9.4.0/avr25/libgcc.a(_udivmodsi4.o)
 .text.libgcc.fmul
                0x00000684        0x0 /usr/local/Cellar/avr-gcc@9/9.4.0_1/lib/avr-gcc/9/gcc/avr/9.4.0/avr25/libgcc.a(_udivmodsi4.o)
 .text.libgcc.fixed
                0x00000684        0x0 /usr/local/Cellar/avr-gcc@9/9.4.0_1/lib/avr-gcc/9/gcc/avr/9.4.0/avr25/libgcc.a(_udivmodsi4.o)
 .text.libgcc.mul
                0x00000684        0x0 /usr/local/Cellar/avr-gcc@9/9.4.0_1/lib/avr-gcc/9/gcc/avr/9.4.0/avr25/libgcc.a(_exit.o)
 .text.libgcc.div
                0x00000684        0x0 /usr/local/Cellar/avr-gcc@9/9.4.0_1/lib/avr-gcc/9/gcc/avr/9.4.0/avr25/libgcc.a(_exit.o)
 .text.libgcc   0x00000684        0x0 /usr/local/Cellar/avr-gcc@9/9.4.0_1/lib/avr-gcc/9/gcc/avr/9.4.0/avr25/libgcc.a(_exit.o)
 .text.libgcc.prologue
                0x00000684        0x0 /usr/local/Cellar/avr-gcc@9/9.4.0_1/lib/avr-gcc/9/gcc/avr/9.4.0/avr25/libgcc.a(_exit.o)
 .text.libgcc.builtins
                0x00000684        0x0 /usr/local/Cellar/avr-gcc@9/9.4.0_1/lib/avr-gcc/9/gcc/avr/9.4.0/avr25/libgcc.a(_exit.o)
 .text.libgcc.fmul
                0x00000684        0x0 /usr/local/Cellar/avr-gcc@9/9.4.0_1/lib/avr-gcc/9/gcc/avr/9.4.0/avr25/libgcc.a(_exit.o)
 .text.libgcc.fixed
                0x00000684        0x0 /usr/local/Cellar/avr-gcc@9/9.4.0_1/lib/avr-gcc/9/gcc/avr/9.4.0/avr25/libgcc.a(_exit.o)
 .text.libgcc.mul
                0x00000684        0x0 /usr/local/Cellar/avr-gcc@9/9.4.0_1/lib/avr-gcc/9/gcc/avr/9.4.0/avr25/libgcc.a(_copy_data.o)
 .text.libgcc.div
                0x00000684        0x0 /usr/local/Cellar/avr-gcc@9/9.4.0_1/lib/avr-gcc/9/gcc/avr/9.4.0/avr25/libgcc.a(_copy_data.o)
 .text.libgcc   0x00000684        0x0 /usr/local/Cellar/avr-gcc@9/9.4.0_1/lib/avr-gcc/9/gcc/avr/9.4.0/avr25/libgcc.a(_copy_data.o)
 .text.libgcc.prologue
                0x00000684        0x0 /usr/local/Cellar/avr-gcc@9/9.4.0_1/lib/avr-gcc/9/gcc/avr/9.4.0/avr25/libgcc.a(_copy_data.o)
 .text.libgcc.builtins
                0x00000684        0x0 /usr/local/Cellar/avr-gcc@9/9.4.0_1/lib/avr-gcc/9/gcc/avr/9.4.0/avr25/libgcc.a(_copy_data.o)
 .text.libgcc.fmul
                0x00000684        0x0 /usr/local/Cellar/avr-gcc@9/9.4.0_1/lib/avr-gcc/9/gcc/avr/9.4.0/avr25/libgcc.a(_copy_data.o)
 .text.libgcc.fixed
                0x00000684        0x0 /usr/local/Cellar/avr-gcc@9/9.4.0_1/lib/avr-gcc/9/gcc/avr/9.4.0/avr25/libgcc.a(_copy_data.o)
 .text.libgcc.mul
                0x00000684        0x0 /usr/local/Cellar/avr-gcc@9/9.4.0_1/lib/avr-gcc/9/gcc/avr/9.4.0/avr25/libgcc.a(_clear_bss.o)
 .text.libgcc.div
                0x00000684        0x0 /usr/local/Cellar/avr-gcc@9/9.4.0_1/lib/avr-gcc/9/gcc/avr/9.4.0/avr25/libgcc.a(_clear_bss.o)
 .text.libgcc   0x00000684        0x0 /usr/local/Cellar/avr-gcc@9/9.4.0_1/lib/avr-gcc/9/gcc/avr/9.4.0/avr25/libgcc.a(_clear_bss.o)
 .text.libgcc.prologue
                0x00000684        0x0 /usr/local/Cellar/avr-gcc@9/9.4.0_1/lib/avr-gcc/9/gcc/avr/9.4.0/avr25/libgcc.a(_clear_bss.o)
 .text.libgcc.builtins
                0x00000684        0x0 /usr/local/Cellar/avr-gcc@9/9.4.0_1/lib/avr-gcc/9/gcc/avr/9.4.0/avr25/libgcc.a(_clear_bss.o)
 .text.libgcc.fmul
                0x00000684        0x0 /usr/local/Cellar/avr-gcc@9/9.4.0_1/lib/avr-gcc/9/gcc/avr/9.4.0/avr25/libgcc.a(_clear_bss.o)
 .text.libgcc.fixed
                0x00000684        0x0 /usr/local/Cellar/avr-gcc@9/9.4.0_1/lib/avr-gcc/9/gcc/avr/9.4.0/avr25/libgcc.a(_clear_bss.o)
                0x00000684                        . = ALIGN (0x2)
 *(.fini9)
 .fini9         0x00000684        0x0 /usr/local/Cellar/avr-gcc@9/9.4.0_1/lib/avr-gcc/9/gcc/avr/9.4.0/avr25/libgcc.a(_exit.o)
                0x00000684                exit
                0x00000684                _exit
 *(.fini9)
 *(.fini8)
 *(.fini8)
 *(.fini7)
 *(.fini7)
 *(.fini6)
 *(.fini6)
 *(.fini5)
 *(.fini5)
 *(.fini4)
 *(.fini4)
 *(.fini3)
 *(.fini3)
 *(.fini2)
 *(.fini2)
 *(.fini1)
 *(.fini1)
 *(.fini0)
 .fini0         0x00000684        0x4 /usr/local/Cellar/avr-gcc@9/9.4.0_1/lib/avr-gcc/9/gcc/avr/9.4.0/avr25/libgcc.a(_exit.o)
 *(.fini0)
 *(.hightext)
 *(.hightext*)
 *(.progmemx.*)
                0x00000688                        . = ALIGN (0x2)
 *(.jumptables)
 *(.jumptables*)
                0x00000688                        _etext = .

.data           0x00800060       0x44 load address 0x00000688
                0x00800060                        PROVIDE (__data_start = .)
 *(.data)
 .data          0x00800060        0x0 /usr/local/Cellar/avr-gcc@9/9.4.0_1/lib/avr-gcc/9/gcc/avr/9.4.0/../../../../../../avr/lib/avr25/crtattiny85.o
 .data          0x00800060       0x44 /var/folders/sh/lj4855x88xqgpw006s7bny180000gn/T//cc3zFjrp.o
                0x00800060                NextRandom
                0x00800064                score
                0x0080006c                durations
                0x0080007c                root
                0x00800080                scale
 .data          0x008000a4        0x0 /usr/local/Cellar/avr-gcc@9/9.4.0_1/avr/lib/avr25/libm.a(addsf3.o)
 .data          0x008000a4        0x0 /usr/local/Cellar/avr-gcc@9/9.4.0_1/avr/lib/avr25/libm.a(addsf3x.o)
 .data          0x008000a4        0x0 /usr/local/Cellar/avr-gcc@9/9.4.0_1/avr/lib/avr25/libm.a(cmpsf2.o)
 .data          0x008000a4        0x0 /usr/local/Cellar/avr-gcc@9/9.4.0_1/avr/lib/avr25/libm.a(fixunssfsi.o)
 .data          0x008000a4        0x0 /usr/local/Cellar/avr-gcc@9/9.4.0_1/avr/lib/avr25/libm.a(fp_cmp.o)
 .data          0x008000a4        0x0 /usr/local/Cellar/avr-gcc@9/9.4.0_1/avr/lib/avr25/libm.a(fp_inf.o)
 .data          0x008000a4        0x0 /usr/local/Cellar/avr-gcc@9/9.4.0_1/avr/lib/avr25/libm.a(fp_nan.o)
 .data          0x008000a4        0x0 /usr/local/Cellar/avr-gcc@9/9.4.0_1/avr/lib/avr25/libm.a(fp_pscA.o)
 .data          0x008000a4        0x0 /usr/local/Cellar/avr-gcc@9/9.4.0_1/avr/lib/avr25/libm.a(fp_pscB.o)
 .data          0x008000a4        0x0 /usr/local/Cellar/avr-gcc@9/9.4.0_1/avr/lib/avr25/libm.a(fp_round.o)
 .data          0x008000a4        0x0 /usr/local/Cellar/avr-gcc@9/9.4.0_1/avr/lib/avr25/libm.a(fp_split3.o)
 .data          0x008000a4        0x0 /usr/local/Cellar/avr-gcc@9/9.4.0_1/avr/lib/avr25/libm.a(fp_zero.o)
 .data          0x008000a4        0x0 /usr/local/Cellar/avr-gcc@9/9.4.0_1/avr/lib/avr25/libm.a(gesf2.o)
 .data          0x008000a4        0x0 /usr/local/Cellar/avr-gcc@9/9.4.0_1/avr/lib/avr25/libm.a(mulsf3.o)
 .data          0x008000a4        0x0 /usr/local/Cellar/avr-gcc@9/9.4.0_1/avr/lib/avr25/libm.a(mulsf3x.o)
 .data          0x008000a4        0x0 /usr/local/Cellar/avr-gcc@9/9.4.0_1/lib/avr-gcc/9/gcc/avr/9.4.0/avr25/libgcc.a(_udivmodsi4.o)
 .data          0x008000a4        0x0 /usr/local/Cellar/avr-gcc@9/9.4.0_1/lib/avr-gcc/9/gcc/avr/9.4.0/avr25/libgcc.a(_exit.o)
 .data          0x008000a4        0x0 /usr/local/Cellar/avr-gcc@9/9.4.0_1/lib/avr-gcc/9/gcc/avr/9.4.0/avr25/libgcc.a(_copy_data.o)
 .data          0x008000a4        0x0 /usr/local/Cellar/avr-gcc@9/9.4.0_1/lib/avr-gcc/9/gcc/avr/9.4.0/avr25/libgcc.a(_clear_bss.o)
 *(.data*)
 *(.gnu.linkonce.d*)
 *(.rodata)
 *(.rodata*)
 *(.gnu.linkonce.r*)
                0x008000a4                        . = ALIGN (0x2)
                0x008000a4                        _edata = .
                0x008000a4                        PROVIDE (__data_end = .)

.bss            0x008000a4        0x8
                0x008000a4                        PROVIDE (__bss_start = .)
 *(.bss)
 .bss           0x008000a4        0x0 /usr/local/Cellar/avr-gcc@9/9.4.0_1/lib/avr-gcc/9/gcc/avr/9.4.0/../../../../../../avr/lib/avr25/crtattiny85.o
 .bss           0x008000a4        0x8 /var/folders/sh/lj4855x88xqgpw006s7bny180000gn/T//cc3zFjrp.o
                0x008000a4                output
                0x008000a5                current_frame
                0x008000a9                current_beat
                0x008000aa                Last_Note
                0x008000ab                Score_Index
 .bss           0x008000ac        0x0 /usr/local/Cellar/avr-gcc@9/9.4.0_1/avr/lib/avr25/libm.a(addsf3.o)
 .bss           0x008000ac        0x0 /usr/local/Cellar/avr-gcc@9/9.4.0_1/avr/lib/avr25/libm.a(addsf3x.o)
 .bss           0x008000ac        0x0 /usr/local/Cellar/avr-gcc@9/9.4.0_1/avr/lib/avr25/libm.a(cmpsf2.o)
 .bss           0x008000ac        0x0 /usr/local/Cellar/avr-gcc@9/9.4.0_1/avr/lib/avr25/libm.a(fixunssfsi.o)
 .bss           0x008000ac        0x0 /usr/local/Cellar/avr-gcc@9/9.4.0_1/avr/lib/avr25/libm.a(fp_cmp.o)
 .bss           0x008000ac        0x0 /usr/local/Cellar/avr-gcc@9/9.4.0_1/avr/lib/avr25/libm.a(fp_inf.o)
 .bss           0x008000ac        0x0 /usr/local/Cellar/avr-gcc@9/9.4.0_1/avr/lib/avr25/libm.a(fp_nan.o)
 .bss           0x008000ac        0x0 /usr/local/Cellar/avr-gcc@9/9.4.0_1/avr/lib/avr25/libm.a(fp_pscA.o)
 .bss           0x008000ac        0x0 /usr/local/Cellar/avr-gcc@9/9.4.0_1/avr/lib/avr25/libm.a(fp_pscB.o)
 .bss           0x008000ac        0x0 /usr/local/Cellar/avr-gcc@9/9.4.0_1/avr/lib/avr25/libm.a(fp_round.o)
 .bss           0x008000ac        0x0 /usr/local/Cellar/avr-gcc@9/9.4.0_1/avr/lib/avr25/libm.a(fp_split3.o)
 .bss           0x008000ac        0x0 /usr/local/Cellar/avr-gcc@9/9.4.0_1/avr/lib/avr25/libm.a(fp_zero.o)
 .bss           0x008000ac        0x0 /usr/local/Cellar/avr-gcc@9/9.4.0_1/avr/lib/avr25/libm.a(gesf2.o)
 .bss           0x008000ac        0x0 /usr/local/Cellar/avr-gcc@9/9.4.0_1/avr/lib/avr25/libm.a(mulsf3.o)
 .bss           0x008000ac        0x0 /usr/local/Cellar/avr-gcc@9/9.4.0_1/avr/lib/avr25/libm.a(mulsf3x.o)
 .bss           0x008000ac        0x0 /usr/local/Cellar/avr-gcc@9/9.4.0_1/lib/avr-gcc/9/gcc/avr/9.4.0/avr25/libgcc.a(_udivmodsi4.o)
 .bss           0x008000ac        0x0 /usr/local/Cellar/avr-gcc@9/9.4.0_1/lib/avr-gcc/9/gcc/avr/9.4.0/avr25/libgcc.a(_exit.o)
 .bss           0x008000ac        0x0 /usr/local/Cellar/avr-gcc@9/9.4.0_1/lib/avr-gcc/9/gcc/avr/9.4.0/avr25/libgcc.a(_copy_data.o)
 .bss           0x008000ac        0x0 /usr/local/Cellar/avr-gcc@9/9.4.0_1/lib/avr-gcc/9/gcc/avr/9.4.0/avr25/libgcc.a(_clear_bss.o)
 *(.bss*)
 *(COMMON)
                0x008000ac                        PROVIDE (__bss_end = .)
                0x00000688                        __data_load_start = LOADADDR (.data)
                0x000006cc                        __data_load_end = (__data_load_start + SIZEOF (.data))

.noinit         0x008000ac        0x0
                [!provide]                        PROVIDE (__noinit_start = .)
 *(.noinit .noinit.* .gnu.linkonce.n.*)
                [!provide]                        PROVIDE (__noinit_end = .)
                0x008000ac                        _end = .
                [!provide]                        PROVIDE (__heap_start = .)
                [!provide]                        PROVIDE (__flmap_init_label = DEFINED (__flmap_noinit_start)?__flmap_noinit_start:0x0)
                [!provide]                        PROVIDE (__flmap = DEFINED (__flmap)?__flmap:0x0)

.eeprom         0x00810000        0x0
 *(.eeprom*)
                0x00810000                        __eeprom_end = .

.fuse
 *(.fuse)
 *(.lfuse)
 *(.hfuse)
 *(.efuse)

.lock
 *(.lock*)

.signature
 *(.signature*)

.stab
 *(.stab)

.stabstr
 *(.stabstr)

.stab.excl
 *(.stab.excl)

.stab.exclstr
 *(.stab.exclstr)

.stab.index
 *(.stab.index)

.stab.indexstr
 *(.stab.indexstr)

.comment        0x00000000       0x26
 *(.comment)
 .comment       0x00000000       0x26 /var/folders/sh/lj4855x88xqgpw006s7bny180000gn/T//cc3zFjrp.o
                                 0x27 (size before relaxing)

.note.gnu.avr.deviceinfo
                0x00000000       0x3c
 .note.gnu.avr.deviceinfo
                0x00000000       0x3c /usr/local/Cellar/avr-gcc@9/9.4.0_1/lib/avr-gcc/9/gcc/avr/9.4.0/../../../../../../avr/lib/avr25/crtattiny85.o

.gnu.build.attributes
 *(.gnu.build.attributes .gnu.build.attributes.*)

.note.gnu.build-id
 *(.note.gnu.build-id)

.debug
 *(.debug)

.line
 *(.line)

.debug_srcinfo
 *(.debug_srcinfo)

.debug_sfnames
 *(.debug_sfnames)

.debug_aranges  0x00000000       0x80
 *(.debug_aranges)
 .debug_aranges
                0x00000000       0x20 /usr/local/Cellar/avr-gcc@9/9.4.0_1/lib/avr-gcc/9/gcc/avr/9.4.0/avr25/libgcc.a(_udivmodsi4.o)
 .debug_aranges
                0x00000020       0x20 /usr/local/Cellar/avr-gcc@9/9.4.0_1/lib/avr-gcc/9/gcc/avr/9.4.0/avr25/libgcc.a(_exit.o)
 .debug_aranges
                0x00000040       0x20 /usr/local/Cellar/avr-gcc@9/9.4.0_1/lib/avr-gcc/9/gcc/avr/9.4.0/avr25/libgcc.a(_copy_data.o)
 .debug_aranges
                0x00000060       0x20 /usr/local/Cellar/avr-gcc@9/9.4.0_1/lib/avr-gcc/9/gcc/avr/9.4.0/avr25/libgcc.a(_clear_bss.o)

.debug_pubnames
 *(.debug_pubnames)

.debug_info     0x00000000      0x4b8
 *(.debug_info .gnu.linkonce.wi.*)
 .debug_info    0x00000000      0x420 /usr/local/Cellar/avr-gcc@9/9.4.0_1/lib/avr-gcc/9/gcc/avr/9.4.0/../../../../../../avr/lib/avr25/crtattiny85.o
 .debug_info    0x00000420       0x26 /usr/local/Cellar/avr-gcc@9/9.4.0_1/lib/avr-gcc/9/gcc/avr/9.4.0/avr25/libgcc.a(_udivmodsi4.o)
 .debug_info    0x00000446       0x26 /usr/local/Cellar/avr-gcc@9/9.4.0_1/lib/avr-gcc/9/gcc/avr/9.4.0/avr25/libgcc.a(_exit.o)
 .debug_info    0x0000046c       0x26 /usr/local/Cellar/avr-gcc@9/9.4.0_1/lib/avr-gcc/9/gcc/avr/9.4.0/avr25/libgcc.a(_copy_data.o)
 .debug_info    0x00000492       0x26 /usr/local/Cellar/avr-gcc@9/9.4.0_1/lib/avr-gcc/9/gcc/avr/9.4.0/avr25/libgcc.a(_clear_bss.o)

.debug_abbrev   0x00000000      0x438
 *(.debug_abbrev)
 .debug_abbrev  0x00000000      0x3e8 /usr/local/Cellar/avr-gcc@9/9.4.0_1/lib/avr-gcc/9/gcc/avr/9.4.0/../../../../../../avr/lib/avr25/crtattiny85.o
 .debug_abbrev  0x000003e8       0x14 /usr/local/Cellar/avr-gcc@9/9.4.0_1/lib/avr-gcc/9/gcc/avr/9.4.0/avr25/libgcc.a(_udivmodsi4.o)
 .debug_abbrev  0x000003fc       0x14 /usr/local/Cellar/avr-gcc@9/9.4.0_1/lib/avr-gcc/9/gcc/avr/9.4.0/avr25/libgcc.a(_exit.o)
 .debug_abbrev  0x00000410       0x14 /usr/local/Cellar/avr-gcc@9/9.4.0_1/lib/avr-gcc/9/gcc/avr/9.4.0/avr25/libgcc.a(_copy_data.o)
 .debug_abbrev  0x00000424       0x14 /usr/local/Cellar/avr-gcc@9/9.4.0_1/lib/avr-gcc/9/gcc/avr/9.4.0/avr25/libgcc.a(_clear_bss.o)

.debug_line     0x00000000      0x2af
 *(.debug_line .debug_line.* .debug_line_end)
 .debug_line    0x00000000       0x1d /usr/local/Cellar/avr-gcc@9/9.4.0_1/lib/avr-gcc/9/gcc/avr/9.4.0/../../../../../../avr/lib/avr25/crtattiny85.o
 .debug_line    0x0000001d      0x11e /usr/local/Cellar/avr-gcc@9/9.4.0_1/lib/avr-gcc/9/gcc/avr/9.4.0/avr25/libgcc.a(_udivmodsi4.o)
 .debug_line    0x0000013b       0x5e /usr/local/Cellar/avr-gcc@9/9.4.0_1/lib/avr-gcc/9/gcc/avr/9.4.0/avr25/libgcc.a(_exit.o)
 .debug_line    0x00000199       0x94 /usr/local/Cellar/avr-gcc@9/9.4.0_1/lib/avr-gcc/9/gcc/avr/9.4.0/avr25/libgcc.a(_copy_data.o)
 .debug_line    0x0000022d       0x82 /usr/local/Cellar/avr-gcc@9/9.4.0_1/lib/avr-gcc/9/gcc/avr/9.4.0/avr25/libgcc.a(_clear_bss.o)

.debug_frame
 *(.debug_frame)

.debug_str      0x00000000      0x1ec
 *(.debug_str)
 .debug_str     0x00000000      0x169 /usr/local/Cellar/avr-gcc@9/9.4.0_1/lib/avr-gcc/9/gcc/avr/9.4.0/../../../../../../avr/lib/avr25/crtattiny85.o
 .debug_str     0x00000169       0x83 /usr/local/Cellar/avr-gcc@9/9.4.0_1/lib/avr-gcc/9/gcc/avr/9.4.0/avr25/libgcc.a(_udivmodsi4.o)
 .debug_str     0x000001ec       0x83 /usr/local/Cellar/avr-gcc@9/9.4.0_1/lib/avr-gcc/9/gcc/avr/9.4.0/avr25/libgcc.a(_exit.o)
 .debug_str     0x000001ec       0x83 /usr/local/Cellar/avr-gcc@9/9.4.0_1/lib/avr-gcc/9/gcc/avr/9.4.0/avr25/libgcc.a(_copy_data.o)
 .debug_str     0x000001ec       0x83 /usr/local/Cellar/avr-gcc@9/9.4.0_1/lib/avr-gcc/9/gcc/avr/9.4.0/avr25/libgcc.a(_clear_bss.o)

.debug_loc
 *(.debug_loc)

.debug_macinfo
 *(.debug_macinfo)

.debug_weaknames
 *(.debug_weaknames)

.debug_funcnames
 *(.debug_funcnames)

.debug_typenames
 *(.debug_typenames)

.debug_varnames
 *(.debug_varnames)

.debug_pubtypes
 *(.debug_pubtypes)

.debug_ranges
 *(.debug_ranges)

.debug_addr
 *(.debug_addr)

.debug_line_str
 *(.debug_line_str)

.debug_loclists
 *(.debug_loclists)

.debug_macro
 *(.debug_macro)

.debug_names
 *(.debug_names)

.debug_rnglists
 *(.debug_rnglists)

.debug_str_offsets
 *(.debug_str_offsets)

.debug_sup
 *(.debug_sup)
OUTPUT(zoo.elf elf32-avr)
LOAD linker stubs
