Archive member included to satisfy reference by file (symbol)

/usr/local/Cellar/avr-gcc@9/9.4.0_1/lib/avr-gcc/9/gcc/avr/9.4.0/avr25/libgcc.a(_mulhi3.o)
                              halloween_candle.o (__mulhi3)
/usr/local/Cellar/avr-gcc@9/9.4.0_1/lib/avr-gcc/9/gcc/avr/9.4.0/avr25/libgcc.a(_udivmodhi4.o)
                              halloween_candle.o (__udivmodhi4)
/usr/local/Cellar/avr-gcc@9/9.4.0_1/lib/avr-gcc/9/gcc/avr/9.4.0/avr25/libgcc.a(_divmodhi4.o)
                              halloween_candle.o (__divmodhi4)
/usr/local/Cellar/avr-gcc@9/9.4.0_1/lib/avr-gcc/9/gcc/avr/9.4.0/avr25/libgcc.a(_exit.o)
                              /usr/local/Cellar/avr-gcc@9/9.4.0_1/lib/avr-gcc/9/gcc/avr/9.4.0/../../../../../../avr/lib/avr25/crtattiny85.o (exit)
/usr/local/Cellar/avr-gcc@9/9.4.0_1/lib/avr-gcc/9/gcc/avr/9.4.0/../../../../../../avr/lib/avr25/libc.a(rand.o)
                              halloween_candle.o (rand)
/usr/local/Cellar/avr-gcc@9/9.4.0_1/lib/avr-gcc/9/gcc/avr/9.4.0/avr25/libgcc.a(_mulsi3.o)
                              /usr/local/Cellar/avr-gcc@9/9.4.0_1/lib/avr-gcc/9/gcc/avr/9.4.0/../../../../../../avr/lib/avr25/libc.a(rand.o) (__mulsi3)
/usr/local/Cellar/avr-gcc@9/9.4.0_1/lib/avr-gcc/9/gcc/avr/9.4.0/avr25/libgcc.a(_divmodsi4.o)
                              /usr/local/Cellar/avr-gcc@9/9.4.0_1/lib/avr-gcc/9/gcc/avr/9.4.0/../../../../../../avr/lib/avr25/libc.a(rand.o) (__divmodsi4)
/usr/local/Cellar/avr-gcc@9/9.4.0_1/lib/avr-gcc/9/gcc/avr/9.4.0/avr25/libgcc.a(_negsi2.o)
                              /usr/local/Cellar/avr-gcc@9/9.4.0_1/lib/avr-gcc/9/gcc/avr/9.4.0/avr25/libgcc.a(_divmodsi4.o) (__negsi2)
/usr/local/Cellar/avr-gcc@9/9.4.0_1/lib/avr-gcc/9/gcc/avr/9.4.0/avr25/libgcc.a(_copy_data.o)
                              /usr/local/Cellar/avr-gcc@9/9.4.0_1/lib/avr-gcc/9/gcc/avr/9.4.0/../../../../../../avr/lib/avr25/libc.a(rand.o) (__do_copy_data)
/usr/local/Cellar/avr-gcc@9/9.4.0_1/lib/avr-gcc/9/gcc/avr/9.4.0/avr25/libgcc.a(_udivmodsi4.o)
                              /usr/local/Cellar/avr-gcc@9/9.4.0_1/lib/avr-gcc/9/gcc/avr/9.4.0/avr25/libgcc.a(_divmodsi4.o) (__udivmodsi4)

Discarded input sections

 .data          0x00000000        0x0 /usr/local/Cellar/avr-gcc@9/9.4.0_1/lib/avr-gcc/9/gcc/avr/9.4.0/../../../../../../avr/lib/avr25/crtattiny85.o
 .bss           0x00000000        0x0 /usr/local/Cellar/avr-gcc@9/9.4.0_1/lib/avr-gcc/9/gcc/avr/9.4.0/../../../../../../avr/lib/avr25/crtattiny85.o
 .text          0x00000000        0x0 halloween_candle.o
 .data          0x00000000        0x0 halloween_candle.o
 .bss           0x00000000        0x0 halloween_candle.o
 .text.set_led_brightness
                0x00000000        0x6 halloween_candle.o
 .text          0x00000000        0x0 /usr/local/Cellar/avr-gcc@9/9.4.0_1/lib/avr-gcc/9/gcc/avr/9.4.0/avr25/libgcc.a(_mulhi3.o)
 .data          0x00000000        0x0 /usr/local/Cellar/avr-gcc@9/9.4.0_1/lib/avr-gcc/9/gcc/avr/9.4.0/avr25/libgcc.a(_mulhi3.o)
 .bss           0x00000000        0x0 /usr/local/Cellar/avr-gcc@9/9.4.0_1/lib/avr-gcc/9/gcc/avr/9.4.0/avr25/libgcc.a(_mulhi3.o)
 .text.libgcc.div
                0x00000000        0x0 /usr/local/Cellar/avr-gcc@9/9.4.0_1/lib/avr-gcc/9/gcc/avr/9.4.0/avr25/libgcc.a(_mulhi3.o)
 .text.libgcc   0x00000000        0x0 /usr/local/Cellar/avr-gcc@9/9.4.0_1/lib/avr-gcc/9/gcc/avr/9.4.0/avr25/libgcc.a(_mulhi3.o)
 .text.libgcc.prologue
                0x00000000        0x0 /usr/local/Cellar/avr-gcc@9/9.4.0_1/lib/avr-gcc/9/gcc/avr/9.4.0/avr25/libgcc.a(_mulhi3.o)
 .text.libgcc.builtins
                0x00000000        0x0 /usr/local/Cellar/avr-gcc@9/9.4.0_1/lib/avr-gcc/9/gcc/avr/9.4.0/avr25/libgcc.a(_mulhi3.o)
 .text.libgcc.fmul
                0x00000000        0x0 /usr/local/Cellar/avr-gcc@9/9.4.0_1/lib/avr-gcc/9/gcc/avr/9.4.0/avr25/libgcc.a(_mulhi3.o)
 .text.libgcc.fixed
                0x00000000        0x0 /usr/local/Cellar/avr-gcc@9/9.4.0_1/lib/avr-gcc/9/gcc/avr/9.4.0/avr25/libgcc.a(_mulhi3.o)
 .text          0x00000000        0x0 /usr/local/Cellar/avr-gcc@9/9.4.0_1/lib/avr-gcc/9/gcc/avr/9.4.0/avr25/libgcc.a(_udivmodhi4.o)
 .data          0x00000000        0x0 /usr/local/Cellar/avr-gcc@9/9.4.0_1/lib/avr-gcc/9/gcc/avr/9.4.0/avr25/libgcc.a(_udivmodhi4.o)
 .bss           0x00000000        0x0 /usr/local/Cellar/avr-gcc@9/9.4.0_1/lib/avr-gcc/9/gcc/avr/9.4.0/avr25/libgcc.a(_udivmodhi4.o)
 .text.libgcc.mul
                0x00000000        0x0 /usr/local/Cellar/avr-gcc@9/9.4.0_1/lib/avr-gcc/9/gcc/avr/9.4.0/avr25/libgcc.a(_udivmodhi4.o)
 .text.libgcc   0x00000000        0x0 /usr/local/Cellar/avr-gcc@9/9.4.0_1/lib/avr-gcc/9/gcc/avr/9.4.0/avr25/libgcc.a(_udivmodhi4.o)
 .text.libgcc.prologue
                0x00000000        0x0 /usr/local/Cellar/avr-gcc@9/9.4.0_1/lib/avr-gcc/9/gcc/avr/9.4.0/avr25/libgcc.a(_udivmodhi4.o)
 .text.libgcc.builtins
                0x00000000        0x0 /usr/local/Cellar/avr-gcc@9/9.4.0_1/lib/avr-gcc/9/gcc/avr/9.4.0/avr25/libgcc.a(_udivmodhi4.o)
 .text.libgcc.fmul
                0x00000000        0x0 /usr/local/Cellar/avr-gcc@9/9.4.0_1/lib/avr-gcc/9/gcc/avr/9.4.0/avr25/libgcc.a(_udivmodhi4.o)
 .text.libgcc.fixed
                0x00000000        0x0 /usr/local/Cellar/avr-gcc@9/9.4.0_1/lib/avr-gcc/9/gcc/avr/9.4.0/avr25/libgcc.a(_udivmodhi4.o)
 .text          0x00000000        0x0 /usr/local/Cellar/avr-gcc@9/9.4.0_1/lib/avr-gcc/9/gcc/avr/9.4.0/avr25/libgcc.a(_divmodhi4.o)
 .data          0x00000000        0x0 /usr/local/Cellar/avr-gcc@9/9.4.0_1/lib/avr-gcc/9/gcc/avr/9.4.0/avr25/libgcc.a(_divmodhi4.o)
 .bss           0x00000000        0x0 /usr/local/Cellar/avr-gcc@9/9.4.0_1/lib/avr-gcc/9/gcc/avr/9.4.0/avr25/libgcc.a(_divmodhi4.o)
 .text.libgcc.mul
                0x00000000        0x0 /usr/local/Cellar/avr-gcc@9/9.4.0_1/lib/avr-gcc/9/gcc/avr/9.4.0/avr25/libgcc.a(_divmodhi4.o)
 .text.libgcc   0x00000000        0x0 /usr/local/Cellar/avr-gcc@9/9.4.0_1/lib/avr-gcc/9/gcc/avr/9.4.0/avr25/libgcc.a(_divmodhi4.o)
 .text.libgcc.prologue
                0x00000000        0x0 /usr/local/Cellar/avr-gcc@9/9.4.0_1/lib/avr-gcc/9/gcc/avr/9.4.0/avr25/libgcc.a(_divmodhi4.o)
 .text.libgcc.builtins
                0x00000000        0x0 /usr/local/Cellar/avr-gcc@9/9.4.0_1/lib/avr-gcc/9/gcc/avr/9.4.0/avr25/libgcc.a(_divmodhi4.o)
 .text.libgcc.fmul
                0x00000000        0x0 /usr/local/Cellar/avr-gcc@9/9.4.0_1/lib/avr-gcc/9/gcc/avr/9.4.0/avr25/libgcc.a(_divmodhi4.o)
 .text.libgcc.fixed
                0x00000000        0x0 /usr/local/Cellar/avr-gcc@9/9.4.0_1/lib/avr-gcc/9/gcc/avr/9.4.0/avr25/libgcc.a(_divmodhi4.o)
 .text          0x00000000        0x0 /usr/local/Cellar/avr-gcc@9/9.4.0_1/lib/avr-gcc/9/gcc/avr/9.4.0/avr25/libgcc.a(_exit.o)
 .data          0x00000000        0x0 /usr/local/Cellar/avr-gcc@9/9.4.0_1/lib/avr-gcc/9/gcc/avr/9.4.0/avr25/libgcc.a(_exit.o)
 .bss           0x00000000        0x0 /usr/local/Cellar/avr-gcc@9/9.4.0_1/lib/avr-gcc/9/gcc/avr/9.4.0/avr25/libgcc.a(_exit.o)
 .text.libgcc.mul
                0x00000000        0x0 /usr/local/Cellar/avr-gcc@9/9.4.0_1/lib/avr-gcc/9/gcc/avr/9.4.0/avr25/libgcc.a(_exit.o)
 .text.libgcc.div
                0x00000000        0x0 /usr/local/Cellar/avr-gcc@9/9.4.0_1/lib/avr-gcc/9/gcc/avr/9.4.0/avr25/libgcc.a(_exit.o)
 .text.libgcc   0x00000000        0x0 /usr/local/Cellar/avr-gcc@9/9.4.0_1/lib/avr-gcc/9/gcc/avr/9.4.0/avr25/libgcc.a(_exit.o)
 .text.libgcc.prologue
                0x00000000        0x0 /usr/local/Cellar/avr-gcc@9/9.4.0_1/lib/avr-gcc/9/gcc/avr/9.4.0/avr25/libgcc.a(_exit.o)
 .text.libgcc.builtins
                0x00000000        0x0 /usr/local/Cellar/avr-gcc@9/9.4.0_1/lib/avr-gcc/9/gcc/avr/9.4.0/avr25/libgcc.a(_exit.o)
 .text.libgcc.fmul
                0x00000000        0x0 /usr/local/Cellar/avr-gcc@9/9.4.0_1/lib/avr-gcc/9/gcc/avr/9.4.0/avr25/libgcc.a(_exit.o)
 .text.libgcc.fixed
                0x00000000        0x0 /usr/local/Cellar/avr-gcc@9/9.4.0_1/lib/avr-gcc/9/gcc/avr/9.4.0/avr25/libgcc.a(_exit.o)
 .text          0x00000000        0x0 /usr/local/Cellar/avr-gcc@9/9.4.0_1/lib/avr-gcc/9/gcc/avr/9.4.0/../../../../../../avr/lib/avr25/libc.a(rand.o)
 .bss           0x00000000        0x0 /usr/local/Cellar/avr-gcc@9/9.4.0_1/lib/avr-gcc/9/gcc/avr/9.4.0/../../../../../../avr/lib/avr25/libc.a(rand.o)
 .text          0x00000000        0x0 /usr/local/Cellar/avr-gcc@9/9.4.0_1/lib/avr-gcc/9/gcc/avr/9.4.0/avr25/libgcc.a(_mulsi3.o)
 .data          0x00000000        0x0 /usr/local/Cellar/avr-gcc@9/9.4.0_1/lib/avr-gcc/9/gcc/avr/9.4.0/avr25/libgcc.a(_mulsi3.o)
 .bss           0x00000000        0x0 /usr/local/Cellar/avr-gcc@9/9.4.0_1/lib/avr-gcc/9/gcc/avr/9.4.0/avr25/libgcc.a(_mulsi3.o)
 .text.libgcc.div
                0x00000000        0x0 /usr/local/Cellar/avr-gcc@9/9.4.0_1/lib/avr-gcc/9/gcc/avr/9.4.0/avr25/libgcc.a(_mulsi3.o)
 .text.libgcc   0x00000000        0x0 /usr/local/Cellar/avr-gcc@9/9.4.0_1/lib/avr-gcc/9/gcc/avr/9.4.0/avr25/libgcc.a(_mulsi3.o)
 .text.libgcc.prologue
                0x00000000        0x0 /usr/local/Cellar/avr-gcc@9/9.4.0_1/lib/avr-gcc/9/gcc/avr/9.4.0/avr25/libgcc.a(_mulsi3.o)
 .text.libgcc.builtins
                0x00000000        0x0 /usr/local/Cellar/avr-gcc@9/9.4.0_1/lib/avr-gcc/9/gcc/avr/9.4.0/avr25/libgcc.a(_mulsi3.o)
 .text.libgcc.fmul
                0x00000000        0x0 /usr/local/Cellar/avr-gcc@9/9.4.0_1/lib/avr-gcc/9/gcc/avr/9.4.0/avr25/libgcc.a(_mulsi3.o)
 .text.libgcc.fixed
                0x00000000        0x0 /usr/local/Cellar/avr-gcc@9/9.4.0_1/lib/avr-gcc/9/gcc/avr/9.4.0/avr25/libgcc.a(_mulsi3.o)
 .text          0x00000000        0x0 /usr/local/Cellar/avr-gcc@9/9.4.0_1/lib/avr-gcc/9/gcc/avr/9.4.0/avr25/libgcc.a(_divmodsi4.o)
 .data          0x00000000        0x0 /usr/local/Cellar/avr-gcc@9/9.4.0_1/lib/avr-gcc/9/gcc/avr/9.4.0/avr25/libgcc.a(_divmodsi4.o)
 .bss           0x00000000        0x0 /usr/local/Cellar/avr-gcc@9/9.4.0_1/lib/avr-gcc/9/gcc/avr/9.4.0/avr25/libgcc.a(_divmodsi4.o)
 .text.libgcc.mul
                0x00000000        0x0 /usr/local/Cellar/avr-gcc@9/9.4.0_1/lib/avr-gcc/9/gcc/avr/9.4.0/avr25/libgcc.a(_divmodsi4.o)
 .text.libgcc   0x00000000        0x0 /usr/local/Cellar/avr-gcc@9/9.4.0_1/lib/avr-gcc/9/gcc/avr/9.4.0/avr25/libgcc.a(_divmodsi4.o)
 .text.libgcc.prologue
                0x00000000        0x0 /usr/local/Cellar/avr-gcc@9/9.4.0_1/lib/avr-gcc/9/gcc/avr/9.4.0/avr25/libgcc.a(_divmodsi4.o)
 .text.libgcc.builtins
                0x00000000        0x0 /usr/local/Cellar/avr-gcc@9/9.4.0_1/lib/avr-gcc/9/gcc/avr/9.4.0/avr25/libgcc.a(_divmodsi4.o)
 .text.libgcc.fmul
                0x00000000        0x0 /usr/local/Cellar/avr-gcc@9/9.4.0_1/lib/avr-gcc/9/gcc/avr/9.4.0/avr25/libgcc.a(_divmodsi4.o)
 .text.libgcc.fixed
                0x00000000        0x0 /usr/local/Cellar/avr-gcc@9/9.4.0_1/lib/avr-gcc/9/gcc/avr/9.4.0/avr25/libgcc.a(_divmodsi4.o)
 .text          0x00000000        0x0 /usr/local/Cellar/avr-gcc@9/9.4.0_1/lib/avr-gcc/9/gcc/avr/9.4.0/avr25/libgcc.a(_negsi2.o)
 .data          0x00000000        0x0 /usr/local/Cellar/avr-gcc@9/9.4.0_1/lib/avr-gcc/9/gcc/avr/9.4.0/avr25/libgcc.a(_negsi2.o)
 .bss           0x00000000        0x0 /usr/local/Cellar/avr-gcc@9/9.4.0_1/lib/avr-gcc/9/gcc/avr/9.4.0/avr25/libgcc.a(_negsi2.o)
 .text.libgcc.mul
                0x00000000        0x0 /usr/local/Cellar/avr-gcc@9/9.4.0_1/lib/avr-gcc/9/gcc/avr/9.4.0/avr25/libgcc.a(_negsi2.o)
 .text.libgcc   0x00000000        0x0 /usr/local/Cellar/avr-gcc@9/9.4.0_1/lib/avr-gcc/9/gcc/avr/9.4.0/avr25/libgcc.a(_negsi2.o)
 .text.libgcc.prologue
                0x00000000        0x0 /usr/local/Cellar/avr-gcc@9/9.4.0_1/lib/avr-gcc/9/gcc/avr/9.4.0/avr25/libgcc.a(_negsi2.o)
 .text.libgcc.builtins
                0x00000000        0x0 /usr/local/Cellar/avr-gcc@9/9.4.0_1/lib/avr-gcc/9/gcc/avr/9.4.0/avr25/libgcc.a(_negsi2.o)
 .text.libgcc.fmul
                0x00000000        0x0 /usr/local/Cellar/avr-gcc@9/9.4.0_1/lib/avr-gcc/9/gcc/avr/9.4.0/avr25/libgcc.a(_negsi2.o)
 .text.libgcc.fixed
                0x00000000        0x0 /usr/local/Cellar/avr-gcc@9/9.4.0_1/lib/avr-gcc/9/gcc/avr/9.4.0/avr25/libgcc.a(_negsi2.o)
 .text          0x00000000        0x0 /usr/local/Cellar/avr-gcc@9/9.4.0_1/lib/avr-gcc/9/gcc/avr/9.4.0/avr25/libgcc.a(_copy_data.o)
 .data          0x00000000        0x0 /usr/local/Cellar/avr-gcc@9/9.4.0_1/lib/avr-gcc/9/gcc/avr/9.4.0/avr25/libgcc.a(_copy_data.o)
 .bss           0x00000000        0x0 /usr/local/Cellar/avr-gcc@9/9.4.0_1/lib/avr-gcc/9/gcc/avr/9.4.0/avr25/libgcc.a(_copy_data.o)
 .text.libgcc.mul
                0x00000000        0x0 /usr/local/Cellar/avr-gcc@9/9.4.0_1/lib/avr-gcc/9/gcc/avr/9.4.0/avr25/libgcc.a(_copy_data.o)
 .text.libgcc.div
                0x00000000        0x0 /usr/local/Cellar/avr-gcc@9/9.4.0_1/lib/avr-gcc/9/gcc/avr/9.4.0/avr25/libgcc.a(_copy_data.o)
 .text.libgcc   0x00000000        0x0 /usr/local/Cellar/avr-gcc@9/9.4.0_1/lib/avr-gcc/9/gcc/avr/9.4.0/avr25/libgcc.a(_copy_data.o)
 .text.libgcc.prologue
                0x00000000        0x0 /usr/local/Cellar/avr-gcc@9/9.4.0_1/lib/avr-gcc/9/gcc/avr/9.4.0/avr25/libgcc.a(_copy_data.o)
 .text.libgcc.builtins
                0x00000000        0x0 /usr/local/Cellar/avr-gcc@9/9.4.0_1/lib/avr-gcc/9/gcc/avr/9.4.0/avr25/libgcc.a(_copy_data.o)
 .text.libgcc.fmul
                0x00000000        0x0 /usr/local/Cellar/avr-gcc@9/9.4.0_1/lib/avr-gcc/9/gcc/avr/9.4.0/avr25/libgcc.a(_copy_data.o)
 .text.libgcc.fixed
                0x00000000        0x0 /usr/local/Cellar/avr-gcc@9/9.4.0_1/lib/avr-gcc/9/gcc/avr/9.4.0/avr25/libgcc.a(_copy_data.o)
 .text          0x00000000        0x0 /usr/local/Cellar/avr-gcc@9/9.4.0_1/lib/avr-gcc/9/gcc/avr/9.4.0/avr25/libgcc.a(_udivmodsi4.o)
 .data          0x00000000        0x0 /usr/local/Cellar/avr-gcc@9/9.4.0_1/lib/avr-gcc/9/gcc/avr/9.4.0/avr25/libgcc.a(_udivmodsi4.o)
 .bss           0x00000000        0x0 /usr/local/Cellar/avr-gcc@9/9.4.0_1/lib/avr-gcc/9/gcc/avr/9.4.0/avr25/libgcc.a(_udivmodsi4.o)
 .text.libgcc.mul
                0x00000000        0x0 /usr/local/Cellar/avr-gcc@9/9.4.0_1/lib/avr-gcc/9/gcc/avr/9.4.0/avr25/libgcc.a(_udivmodsi4.o)
 .text.libgcc   0x00000000        0x0 /usr/local/Cellar/avr-gcc@9/9.4.0_1/lib/avr-gcc/9/gcc/avr/9.4.0/avr25/libgcc.a(_udivmodsi4.o)
 .text.libgcc.prologue
                0x00000000        0x0 /usr/local/Cellar/avr-gcc@9/9.4.0_1/lib/avr-gcc/9/gcc/avr/9.4.0/avr25/libgcc.a(_udivmodsi4.o)
 .text.libgcc.builtins
                0x00000000        0x0 /usr/local/Cellar/avr-gcc@9/9.4.0_1/lib/avr-gcc/9/gcc/avr/9.4.0/avr25/libgcc.a(_udivmodsi4.o)
 .text.libgcc.fmul
                0x00000000        0x0 /usr/local/Cellar/avr-gcc@9/9.4.0_1/lib/avr-gcc/9/gcc/avr/9.4.0/avr25/libgcc.a(_udivmodsi4.o)
 .text.libgcc.fixed
                0x00000000        0x0 /usr/local/Cellar/avr-gcc@9/9.4.0_1/lib/avr-gcc/9/gcc/avr/9.4.0/avr25/libgcc.a(_udivmodsi4.o)

Memory Configuration

Name             Origin             Length             Attributes
text             0x00000000         0x00002000         xr
data             0x00800060         0x0000ffa0         rw!x
eeprom           0x00810000         0x00010000         rw!x
fuse             0x00820000         0x00000003         rw!x
lock             0x00830000         0x00000400         rw!x
signature        0x00840000         0x00000400         rw!x
user_signatures  0x00850000         0x00000400         rw!x
*default*        0x00000000         0xffffffff

Linker script and memory map

LOAD /usr/local/Cellar/avr-gcc@9/9.4.0_1/lib/avr-gcc/9/gcc/avr/9.4.0/../../../../../../avr/lib/avr25/crtattiny85.o
LOAD /usr/local/Cellar/avr-gcc@9/9.4.0_1/lib/avr-gcc/9/gcc/avr/9.4.0/../../../../../../avr/lib/avr25/libm.a
LOAD halloween_candle.o
START GROUP
LOAD /usr/local/Cellar/avr-gcc@9/9.4.0_1/lib/avr-gcc/9/gcc/avr/9.4.0/avr25/libgcc.a
LOAD /usr/local/Cellar/avr-gcc@9/9.4.0_1/lib/avr-gcc/9/gcc/avr/9.4.0/../../../../../../avr/lib/avr25/libm.a
LOAD /usr/local/Cellar/avr-gcc@9/9.4.0_1/lib/avr-gcc/9/gcc/avr/9.4.0/../../../../../../avr/lib/avr25/libc.a
LOAD /usr/local/Cellar/avr-gcc@9/9.4.0_1/lib/avr-gcc/9/gcc/avr/9.4.0/../../../../../../avr/lib/avr25/libattiny85.a
END GROUP
                0x00000000                        __TEXT_REGION_ORIGIN__ = DEFINED (__TEXT_REGION_ORIGIN__)?__TEXT_REGION_ORIGIN__:0x0
                0x00002000                        __TEXT_REGION_LENGTH__ = DEFINED (__TEXT_REGION_LENGTH__)?__TEXT_REGION_LENGTH__:0x2000
                0x00800060                        __DATA_REGION_ORIGIN__ = DEFINED (__DATA_REGION_ORIGIN__)?__DATA_REGION_ORIGIN__:0x800060
                0x0000ffa0                        __DATA_REGION_LENGTH__ = DEFINED (__DATA_REGION_LENGTH__)?__DATA_REGION_LENGTH__:0xffa0
                0x00010000                        __EEPROM_REGION_LENGTH__ = DEFINED (__EEPROM_REGION_LENGTH__)?__EEPROM_REGION_LENGTH__:0x10000
                [0x00000003]                      __FUSE_REGION_LENGTH__ = DEFINED (__FUSE_REGION_LENGTH__)?__FUSE_REGION_LENGTH__:0x400
                0x00000400                        __LOCK_REGION_LENGTH__ = DEFINED (__LOCK_REGION_LENGTH__)?__LOCK_REGION_LENGTH__:0x400
                0x00000400                        __SIGNATURE_REGION_LENGTH__ = DEFINED (__SIGNATURE_REGION_LENGTH__)?__SIGNATURE_REGION_LENGTH__:0x400
                0x00000400                        __USER_SIGNATURE_REGION_LENGTH__ = DEFINED (__USER_SIGNATURE_REGION_LENGTH__)?__USER_SIGNATURE_REGION_LENGTH__:0x400

.hash
 *(.hash)

.dynsym
 *(.dynsym)

.dynstr
 *(.dynstr)

.gnu.version
 *(.gnu.version)

.gnu.version_d
 *(.gnu.version_d)

.gnu.version_r
 *(.gnu.version_r)

.rel.init
 *(.rel.init)

.rela.init
 *(.rela.init)

.rel.text
 *(.rel.text)
 *(.rel.text.*)
 *(.rel.gnu.linkonce.t*)

.rela.text
 *(.rela.text)
 *(.rela.text.*)
 *(.rela.gnu.linkonce.t*)

.rel.fini
 *(.rel.fini)

.rela.fini
 *(.rela.fini)

.rel.rodata
 *(.rel.rodata)
 *(.rel.rodata.*)
 *(.rel.gnu.linkonce.r*)

.rela.rodata
 *(.rela.rodata)
 *(.rela.rodata.*)
 *(.rela.gnu.linkonce.r*)

.rel.data
 *(.rel.data)
 *(.rel.data.*)
 *(.rel.gnu.linkonce.d*)

.rela.data
 *(.rela.data)
 *(.rela.data.*)
 *(.rela.gnu.linkonce.d*)

.rel.ctors
 *(.rel.ctors)

.rela.ctors
 *(.rela.ctors)

.rel.dtors
 *(.rel.dtors)

.rela.dtors
 *(.rela.dtors)

.rel.got
 *(.rel.got)

.rela.got
 *(.rela.got)

.rel.bss
 *(.rel.bss)

.rela.bss
 *(.rela.bss)

.rel.plt
 *(.rel.plt)

.rela.plt
 *(.rela.plt)

.text           0x00000000      0x518
 *(.vectors)
 .vectors       0x00000000       0x1e /usr/local/Cellar/avr-gcc@9/9.4.0_1/lib/avr-gcc/9/gcc/avr/9.4.0/../../../../../../avr/lib/avr25/crtattiny85.o
                0x00000000                __vectors
                0x00000000                __vector_default
 *(.vectors)
 *(.progmem.gcc*)
                0x0000001e                        . = ALIGN (0x2)
                0x0000001e                        __trampolines_start = .
 *(.trampolines)
 .trampolines   0x0000001e        0x0 linker stubs
 *(.trampolines*)
                0x0000001e                        __trampolines_end = .
 *libprintf_flt.a:*(.progmem.data)
 *libc.a:*(.progmem.data)
 *(.progmem.*)
                0x0000001e                        . = ALIGN (0x2)
 *(.lowtext)
 *(.lowtext*)
                0x0000001e                        __ctors_start = .
 *(.ctors)
                0x0000001e                        __ctors_end = .
                0x0000001e                        __dtors_start = .
 *(.dtors)
                0x0000001e                        __dtors_end = .
 SORT_BY_NAME(*)(.ctors)
 SORT_BY_NAME(*)(.dtors)
 *(.init0)
 .init0         0x0000001e        0x0 /usr/local/Cellar/avr-gcc@9/9.4.0_1/lib/avr-gcc/9/gcc/avr/9.4.0/../../../../../../avr/lib/avr25/crtattiny85.o
                0x0000001e                __init
 *(.init0)
 *(.init1)
 *(.init1)
 *(.init2)
 .init2         0x0000001e        0xc /usr/local/Cellar/avr-gcc@9/9.4.0_1/lib/avr-gcc/9/gcc/avr/9.4.0/../../../../../../avr/lib/avr25/crtattiny85.o
 *(.init2)
 *(.init3)
 *(.init3)
 *(.init4)
 .init4         0x0000002a       0x16 /usr/local/Cellar/avr-gcc@9/9.4.0_1/lib/avr-gcc/9/gcc/avr/9.4.0/avr25/libgcc.a(_copy_data.o)
                0x0000002a                __do_copy_data
 *(.init4)
 *(.init5)
 *(.init5)
 *(.init6)
 *(.init6)
 *(.init7)
 *(.init7)
 *(.init8)
 *(.init8)
 *(.init9)
 .init9         0x00000040        0x4 /usr/local/Cellar/avr-gcc@9/9.4.0_1/lib/avr-gcc/9/gcc/avr/9.4.0/../../../../../../avr/lib/avr25/crtattiny85.o
 *(.init9)
 *(.text)
 .text          0x00000044        0x2 /usr/local/Cellar/avr-gcc@9/9.4.0_1/lib/avr-gcc/9/gcc/avr/9.4.0/../../../../../../avr/lib/avr25/crtattiny85.o
                0x00000044                __vector_10
                0x00000044                __vector_12
                0x00000044                __bad_interrupt
                0x00000044                __vector_6
                0x00000044                __vector_3
                0x00000044                __vector_11
                0x00000044                __vector_13
                0x00000044                __vector_7
                0x00000044                __vector_5
                0x00000044                __vector_4
                0x00000044                __vector_9
                0x00000044                __vector_2
                0x00000044                __vector_8
                0x00000044                __vector_14
                0x00000044                __vector_1
                0x00000046                        . = ALIGN (0x2)
 *(.text.*)
 .text.setup    0x00000046       0x18 halloween_candle.o
                0x00000046                setup
 .text.custom_delay_ms
                0x0000005e       0x18 halloween_candle.o
                0x0000005e                custom_delay_ms
 .text.gentle_flicker
                0x00000076       0xaa halloween_candle.o
                0x00000076                gentle_flicker
 .text.enhanced_candle
                0x00000120      0x10a halloween_candle.o
                0x00000120                enhanced_candle
 .text.distant_storm
                0x0000022a       0xc2 halloween_candle.o
                0x0000022a                distant_storm
 .text.startup.main
                0x000002ec       0x1a halloween_candle.o
                0x000002ec                main
 .text.libgcc.mul
                0x00000306       0x22 /usr/local/Cellar/avr-gcc@9/9.4.0_1/lib/avr-gcc/9/gcc/avr/9.4.0/avr25/libgcc.a(_mulhi3.o)
                0x00000306                __mulhi3
 .text.libgcc.div
                0x00000328       0x28 /usr/local/Cellar/avr-gcc@9/9.4.0_1/lib/avr-gcc/9/gcc/avr/9.4.0/avr25/libgcc.a(_udivmodhi4.o)
                0x00000328                __udivmodhi4
 .text.libgcc.div
                0x00000350       0x26 /usr/local/Cellar/avr-gcc@9/9.4.0_1/lib/avr-gcc/9/gcc/avr/9.4.0/avr25/libgcc.a(_divmodhi4.o)
                0x00000350                __divmodhi4
                0x00000350                _div
 .text.avr-libc
                0x00000376       0xf0 /usr/local/Cellar/avr-gcc@9/9.4.0_1/lib/avr-gcc/9/gcc/avr/9.4.0/../../../../../../avr/lib/avr25/libc.a(rand.o)
                0x00000444                rand_r
                0x00000448                rand
                0x00000450                srand
 .text.libgcc.mul
                0x00000466       0x32 /usr/local/Cellar/avr-gcc@9/9.4.0_1/lib/avr-gcc/9/gcc/avr/9.4.0/avr25/libgcc.a(_mulsi3.o)
                0x00000466                __mulsi3
                0x0000046a                __mulsi3_helper
 .text.libgcc.div
                0x00000498       0x28 /usr/local/Cellar/avr-gcc@9/9.4.0_1/lib/avr-gcc/9/gcc/avr/9.4.0/avr25/libgcc.a(_divmodsi4.o)
                0x00000498                __divmodsi4
 .text.libgcc.div
                0x000004c0       0x10 /usr/local/Cellar/avr-gcc@9/9.4.0_1/lib/avr-gcc/9/gcc/avr/9.4.0/avr25/libgcc.a(_negsi2.o)
                0x000004c0                __negsi2
 .text.libgcc.div
                0x000004d0       0x44 /usr/local/Cellar/avr-gcc@9/9.4.0_1/lib/avr-gcc/9/gcc/avr/9.4.0/avr25/libgcc.a(_udivmodsi4.o)
                0x000004d0                __udivmodsi4
                0x00000514                        . = ALIGN (0x2)
 *(.fini9)
 .fini9         0x00000514        0x0 /usr/local/Cellar/avr-gcc@9/9.4.0_1/lib/avr-gcc/9/gcc/avr/9.4.0/avr25/libgcc.a(_exit.o)
                0x00000514                exit
                0x00000514                _exit
 *(.fini9)
 *(.fini8)
 *(.fini8)
 *(.fini7)
 *(.fini7)
 *(.fini6)
 *(.fini6)
 *(.fini5)
 *(.fini5)
 *(.fini4)
 *(.fini4)
 *(.fini3)
 *(.fini3)
 *(.fini2)
 *(.fini2)
 *(.fini1)
 *(.fini1)
 *(.fini0)
 .fini0         0x00000514        0x4 /usr/local/Cellar/avr-gcc@9/9.4.0_1/lib/avr-gcc/9/gcc/avr/9.4.0/avr25/libgcc.a(_exit.o)
 *(.fini0)
 *(.hightext)
 *(.hightext*)
 *(.progmemx.*)
                0x00000518                        . = ALIGN (0x2)
 *(.jumptables)
 *(.jumptables*)
                0x00000518                        _etext = .

.data           0x00800060        0x4 load address 0x00000518
                0x00800060                        PROVIDE (__data_start = .)
 *(.data)
 .data          0x00800060        0x4 /usr/local/Cellar/avr-gcc@9/9.4.0_1/lib/avr-gcc/9/gcc/avr/9.4.0/../../../../../../avr/lib/avr25/libc.a(rand.o)
 *(.data*)
 *(.gnu.linkonce.d*)
 *(.rodata)
 *(.rodata*)
 *(.gnu.linkonce.r*)
                0x00800064                        . = ALIGN (0x2)
                0x00800064                        _edata = .
                0x00800064                        PROVIDE (__data_end = .)

.bss            0x00800064        0x0
                [!provide]                        PROVIDE (__bss_start = .)
 *(.bss)
 *(.bss*)
 *(COMMON)
                [!provide]                        PROVIDE (__bss_end = .)
                0x00000518                        __data_load_start = LOADADDR (.data)
                0x0000051c                        __data_load_end = (__data_load_start + SIZEOF (.data))

.noinit         0x00800064        0x0
                [!provide]                        PROVIDE (__noinit_start = .)
 *(.noinit .noinit.* .gnu.linkonce.n.*)
                [!provide]                        PROVIDE (__noinit_end = .)
                0x00800064                        _end = .
                [!provide]                        PROVIDE (__heap_start = .)
                [!provide]                        PROVIDE (__flmap_init_label = DEFINED (__flmap_noinit_start)?__flmap_noinit_start:0x0)
                [!provide]                        PROVIDE (__flmap = DEFINED (__flmap)?__flmap:0x0)

.eeprom         0x00810000        0x0
 *(.eeprom*)
                0x00810000                        __eeprom_end = .

.fuse
 *(.fuse)
 *(.lfuse)
 *(.hfuse)
 *(.efuse)

.lock
 *(.lock*)

.signature
 *(.signature*)

.stab
 *(.stab)

.stabstr
 *(.stabstr)

.stab.excl
 *(.stab.excl)

.stab.exclstr
 *(.stab.exclstr)

.stab.index
 *(.stab.index)

.stab.indexstr
 *(.stab.indexstr)

.comment        0x00000000       0x26
 *(.comment)
 .comment       0x00000000       0x26 halloween_candle.o
                                 0x27 (size before relaxing)
 .comment       0x00000026       0x27 /usr/local/Cellar/avr-gcc@9/9.4.0_1/lib/avr-gcc/9/gcc/avr/9.4.0/../../../../../../avr/lib/avr25/libc.a(rand.o)

.note.gnu.avr.deviceinfo
                0x00000000       0x3c
 .note.gnu.avr.deviceinfo
                0x00000000       0x3c /usr/local/Cellar/avr-gcc@9/9.4.0_1/lib/avr-gcc/9/gcc/avr/9.4.0/../../../../../../avr/lib/avr25/crtattiny85.o

.gnu.build.attributes
 *(.gnu.build.attributes .gnu.build.attributes.*)

.note.gnu.build-id
 *(.note.gnu.build-id)

.debug
 *(.debug)

.line
 *(.line)

.debug_srcinfo
 *(.debug_srcinfo)

.debug_sfnames
 *(.debug_sfnames)

.debug_aranges  0x00000000      0x170
 *(.debug_aranges)
 .debug_aranges
                0x00000000       0x50 halloween_candle.o
 .debug_aranges
                0x00000050       0x20 /usr/local/Cellar/avr-gcc@9/9.4.0_1/lib/avr-gcc/9/gcc/avr/9.4.0/avr25/libgcc.a(_mulhi3.o)
 .debug_aranges
                0x00000070       0x20 /usr/local/Cellar/avr-gcc@9/9.4.0_1/lib/avr-gcc/9/gcc/avr/9.4.0/avr25/libgcc.a(_udivmodhi4.o)
 .debug_aranges
                0x00000090       0x20 /usr/local/Cellar/avr-gcc@9/9.4.0_1/lib/avr-gcc/9/gcc/avr/9.4.0/avr25/libgcc.a(_divmodhi4.o)
 .debug_aranges
                0x000000b0       0x20 /usr/local/Cellar/avr-gcc@9/9.4.0_1/lib/avr-gcc/9/gcc/avr/9.4.0/avr25/libgcc.a(_exit.o)
 .debug_aranges
                0x000000d0       0x20 /usr/local/Cellar/avr-gcc@9/9.4.0_1/lib/avr-gcc/9/gcc/avr/9.4.0/avr25/libgcc.a(_mulsi3.o)
 .debug_aranges
                0x000000f0       0x20 /usr/local/Cellar/avr-gcc@9/9.4.0_1/lib/avr-gcc/9/gcc/avr/9.4.0/avr25/libgcc.a(_divmodsi4.o)
 .debug_aranges
                0x00000110       0x20 /usr/local/Cellar/avr-gcc@9/9.4.0_1/lib/avr-gcc/9/gcc/avr/9.4.0/avr25/libgcc.a(_negsi2.o)
 .debug_aranges
                0x00000130       0x20 /usr/local/Cellar/avr-gcc@9/9.4.0_1/lib/avr-gcc/9/gcc/avr/9.4.0/avr25/libgcc.a(_copy_data.o)
 .debug_aranges
                0x00000150       0x20 /usr/local/Cellar/avr-gcc@9/9.4.0_1/lib/avr-gcc/9/gcc/avr/9.4.0/avr25/libgcc.a(_udivmodsi4.o)

.debug_pubnames
 *(.debug_pubnames)

.debug_info     0x00000000      0xb11
 *(.debug_info .gnu.linkonce.wi.*)
 .debug_info    0x00000000      0x420 /usr/local/Cellar/avr-gcc@9/9.4.0_1/lib/avr-gcc/9/gcc/avr/9.4.0/../../../../../../avr/lib/avr25/crtattiny85.o
 .debug_info    0x00000420      0x59b halloween_candle.o
 .debug_info    0x000009bb       0x26 /usr/local/Cellar/avr-gcc@9/9.4.0_1/lib/avr-gcc/9/gcc/avr/9.4.0/avr25/libgcc.a(_mulhi3.o)
 .debug_info    0x000009e1       0x26 /usr/local/Cellar/avr-gcc@9/9.4.0_1/lib/avr-gcc/9/gcc/avr/9.4.0/avr25/libgcc.a(_udivmodhi4.o)
 .debug_info    0x00000a07       0x26 /usr/local/Cellar/avr-gcc@9/9.4.0_1/lib/avr-gcc/9/gcc/avr/9.4.0/avr25/libgcc.a(_divmodhi4.o)
 .debug_info    0x00000a2d       0x26 /usr/local/Cellar/avr-gcc@9/9.4.0_1/lib/avr-gcc/9/gcc/avr/9.4.0/avr25/libgcc.a(_exit.o)
 .debug_info    0x00000a53       0x26 /usr/local/Cellar/avr-gcc@9/9.4.0_1/lib/avr-gcc/9/gcc/avr/9.4.0/avr25/libgcc.a(_mulsi3.o)
 .debug_info    0x00000a79       0x26 /usr/local/Cellar/avr-gcc@9/9.4.0_1/lib/avr-gcc/9/gcc/avr/9.4.0/avr25/libgcc.a(_divmodsi4.o)
 .debug_info    0x00000a9f       0x26 /usr/local/Cellar/avr-gcc@9/9.4.0_1/lib/avr-gcc/9/gcc/avr/9.4.0/avr25/libgcc.a(_negsi2.o)
 .debug_info    0x00000ac5       0x26 /usr/local/Cellar/avr-gcc@9/9.4.0_1/lib/avr-gcc/9/gcc/avr/9.4.0/avr25/libgcc.a(_copy_data.o)
 .debug_info    0x00000aeb       0x26 /usr/local/Cellar/avr-gcc@9/9.4.0_1/lib/avr-gcc/9/gcc/avr/9.4.0/avr25/libgcc.a(_udivmodsi4.o)

.debug_abbrev   0x00000000      0x6fb
 *(.debug_abbrev)
 .debug_abbrev  0x00000000      0x3e8 /usr/local/Cellar/avr-gcc@9/9.4.0_1/lib/avr-gcc/9/gcc/avr/9.4.0/../../../../../../avr/lib/avr25/crtattiny85.o
 .debug_abbrev  0x000003e8      0x25f halloween_candle.o
 .debug_abbrev  0x00000647       0x14 /usr/local/Cellar/avr-gcc@9/9.4.0_1/lib/avr-gcc/9/gcc/avr/9.4.0/avr25/libgcc.a(_mulhi3.o)
 .debug_abbrev  0x0000065b       0x14 /usr/local/Cellar/avr-gcc@9/9.4.0_1/lib/avr-gcc/9/gcc/avr/9.4.0/avr25/libgcc.a(_udivmodhi4.o)
 .debug_abbrev  0x0000066f       0x14 /usr/local/Cellar/avr-gcc@9/9.4.0_1/lib/avr-gcc/9/gcc/avr/9.4.0/avr25/libgcc.a(_divmodhi4.o)
 .debug_abbrev  0x00000683       0x14 /usr/local/Cellar/avr-gcc@9/9.4.0_1/lib/avr-gcc/9/gcc/avr/9.4.0/avr25/libgcc.a(_exit.o)
 .debug_abbrev  0x00000697       0x14 /usr/local/Cellar/avr-gcc@9/9.4.0_1/lib/avr-gcc/9/gcc/avr/9.4.0/avr25/libgcc.a(_mulsi3.o)
 .debug_abbrev  0x000006ab       0x14 /usr/local/Cellar/avr-gcc@9/9.4.0_1/lib/avr-gcc/9/gcc/avr/9.4.0/avr25/libgcc.a(_divmodsi4.o)
 .debug_abbrev  0x000006bf       0x14 /usr/local/Cellar/avr-gcc@9/9.4.0_1/lib/avr-gcc/9/gcc/avr/9.4.0/avr25/libgcc.a(_negsi2.o)
 .debug_abbrev  0x000006d3       0x14 /usr/local/Cellar/avr-gcc@9/9.4.0_1/lib/avr-gcc/9/gcc/avr/9.4.0/avr25/libgcc.a(_copy_data.o)
 .debug_abbrev  0x000006e7       0x14 /usr/local/Cellar/avr-gcc@9/9.4.0_1/lib/avr-gcc/9/gcc/avr/9.4.0/avr25/libgcc.a(_udivmodsi4.o)

.debug_line     0x00000000      0xf0f
 *(.debug_line .debug_line.* .debug_line_end)
 .debug_line    0x00000000       0x1d /usr/local/Cellar/avr-gcc@9/9.4.0_1/lib/avr-gcc/9/gcc/avr/9.4.0/../../../../../../avr/lib/avr25/crtattiny85.o
 .debug_line    0x0000001d      0x8c2 halloween_candle.o
 .debug_line    0x000008df       0xb8 /usr/local/Cellar/avr-gcc@9/9.4.0_1/lib/avr-gcc/9/gcc/avr/9.4.0/avr25/libgcc.a(_mulhi3.o)
 .debug_line    0x00000997       0xca /usr/local/Cellar/avr-gcc@9/9.4.0_1/lib/avr-gcc/9/gcc/avr/9.4.0/avr25/libgcc.a(_udivmodhi4.o)
 .debug_line    0x00000a61       0xc4 /usr/local/Cellar/avr-gcc@9/9.4.0_1/lib/avr-gcc/9/gcc/avr/9.4.0/avr25/libgcc.a(_divmodhi4.o)
 .debug_line    0x00000b25       0x5e /usr/local/Cellar/avr-gcc@9/9.4.0_1/lib/avr-gcc/9/gcc/avr/9.4.0/avr25/libgcc.a(_exit.o)
 .debug_line    0x00000b83       0xb2 /usr/local/Cellar/avr-gcc@9/9.4.0_1/lib/avr-gcc/9/gcc/avr/9.4.0/avr25/libgcc.a(_mulsi3.o)
 .debug_line    0x00000c35       0xca /usr/local/Cellar/avr-gcc@9/9.4.0_1/lib/avr-gcc/9/gcc/avr/9.4.0/avr25/libgcc.a(_divmodsi4.o)
 .debug_line    0x00000cff       0x5e /usr/local/Cellar/avr-gcc@9/9.4.0_1/lib/avr-gcc/9/gcc/avr/9.4.0/avr25/libgcc.a(_negsi2.o)
 .debug_line    0x00000d5d       0x94 /usr/local/Cellar/avr-gcc@9/9.4.0_1/lib/avr-gcc/9/gcc/avr/9.4.0/avr25/libgcc.a(_copy_data.o)
 .debug_line    0x00000df1      0x11e /usr/local/Cellar/avr-gcc@9/9.4.0_1/lib/avr-gcc/9/gcc/avr/9.4.0/avr25/libgcc.a(_udivmodsi4.o)

.debug_frame    0x00000000      0x170
 *(.debug_frame)
 .debug_frame   0x00000000      0x170 halloween_candle.o

.debug_str      0x00000000      0x4b4
 *(.debug_str)
 .debug_str     0x00000000      0x169 /usr/local/Cellar/avr-gcc@9/9.4.0_1/lib/avr-gcc/9/gcc/avr/9.4.0/../../../../../../avr/lib/avr25/crtattiny85.o
 .debug_str     0x00000169      0x34b halloween_candle.o
                                0x31a (size before relaxing)
 .debug_str     0x000004b4       0x83 /usr/local/Cellar/avr-gcc@9/9.4.0_1/lib/avr-gcc/9/gcc/avr/9.4.0/avr25/libgcc.a(_mulhi3.o)
 .debug_str     0x000004b4       0x83 /usr/local/Cellar/avr-gcc@9/9.4.0_1/lib/avr-gcc/9/gcc/avr/9.4.0/avr25/libgcc.a(_udivmodhi4.o)
 .debug_str     0x000004b4       0x83 /usr/local/Cellar/avr-gcc@9/9.4.0_1/lib/avr-gcc/9/gcc/avr/9.4.0/avr25/libgcc.a(_divmodhi4.o)
 .debug_str     0x000004b4       0x83 /usr/local/Cellar/avr-gcc@9/9.4.0_1/lib/avr-gcc/9/gcc/avr/9.4.0/avr25/libgcc.a(_exit.o)
 .debug_str     0x000004b4       0x83 /usr/local/Cellar/avr-gcc@9/9.4.0_1/lib/avr-gcc/9/gcc/avr/9.4.0/avr25/libgcc.a(_mulsi3.o)
 .debug_str     0x000004b4       0x83 /usr/local/Cellar/avr-gcc@9/9.4.0_1/lib/avr-gcc/9/gcc/avr/9.4.0/avr25/libgcc.a(_divmodsi4.o)
 .debug_str     0x000004b4       0x83 /usr/local/Cellar/avr-gcc@9/9.4.0_1/lib/avr-gcc/9/gcc/avr/9.4.0/avr25/libgcc.a(_negsi2.o)
 .debug_str     0x000004b4       0x83 /usr/local/Cellar/avr-gcc@9/9.4.0_1/lib/avr-gcc/9/gcc/avr/9.4.0/avr25/libgcc.a(_copy_data.o)
 .debug_str     0x000004b4       0x83 /usr/local/Cellar/avr-gcc@9/9.4.0_1/lib/avr-gcc/9/gcc/avr/9.4.0/avr25/libgcc.a(_udivmodsi4.o)

.debug_loc      0x00000000      0x4d0
 *(.debug_loc)
 .debug_loc     0x00000000      0x4d0 halloween_candle.o

.debug_macinfo
 *(.debug_macinfo)

.debug_weaknames
 *(.debug_weaknames)

.debug_funcnames
 *(.debug_funcnames)

.debug_typenames
 *(.debug_typenames)

.debug_varnames
 *(.debug_varnames)

.debug_pubtypes
 *(.debug_pubtypes)

.debug_ranges   0x00000000      0x120
 *(.debug_ranges)
 .debug_ranges  0x00000000      0x120 halloween_candle.o

.debug_addr
 *(.debug_addr)

.debug_line_str
 *(.debug_line_str)

.debug_loclists
 *(.debug_loclists)

.debug_macro
 *(.debug_macro)

.debug_names
 *(.debug_names)

.debug_rnglists
 *(.debug_rnglists)

.debug_str_offsets
 *(.debug_str_offsets)

.debug_sup
 *(.debug_sup)
OUTPUT(halloween_candle.out elf32-avr)
LOAD linker stubs
