Archive member included to satisfy reference by file (symbol)

/usr/local/Cellar/avr-gcc@9/9.4.0_1/lib/avr-gcc/9/gcc/avr/9.4.0/avr25/libgcc.a(_exit.o)
                              /usr/local/Cellar/avr-gcc@9/9.4.0_1/lib/avr-gcc/9/gcc/avr/9.4.0/../../../../../../avr/lib/avr25/crtattiny85.o (exit)
/usr/local/Cellar/avr-gcc@9/9.4.0_1/lib/avr-gcc/9/gcc/avr/9.4.0/avr25/libgcc.a(_copy_data.o)
                              belleville.o (__do_copy_data)

Discarded input sections

 .data          0x00000000        0x0 /usr/local/Cellar/avr-gcc@9/9.4.0_1/lib/avr-gcc/9/gcc/avr/9.4.0/../../../../../../avr/lib/avr25/crtattiny85.o
 .bss           0x00000000        0x0 /usr/local/Cellar/avr-gcc@9/9.4.0_1/lib/avr-gcc/9/gcc/avr/9.4.0/../../../../../../avr/lib/avr25/crtattiny85.o
 .bss           0x00000000        0x0 belleville.o
 .text          0x00000000        0x0 /usr/local/Cellar/avr-gcc@9/9.4.0_1/lib/avr-gcc/9/gcc/avr/9.4.0/avr25/libgcc.a(_exit.o)
 .data          0x00000000        0x0 /usr/local/Cellar/avr-gcc@9/9.4.0_1/lib/avr-gcc/9/gcc/avr/9.4.0/avr25/libgcc.a(_exit.o)
 .bss           0x00000000        0x0 /usr/local/Cellar/avr-gcc@9/9.4.0_1/lib/avr-gcc/9/gcc/avr/9.4.0/avr25/libgcc.a(_exit.o)
 .text.libgcc.mul
                0x00000000        0x0 /usr/local/Cellar/avr-gcc@9/9.4.0_1/lib/avr-gcc/9/gcc/avr/9.4.0/avr25/libgcc.a(_exit.o)
 .text.libgcc.div
                0x00000000        0x0 /usr/local/Cellar/avr-gcc@9/9.4.0_1/lib/avr-gcc/9/gcc/avr/9.4.0/avr25/libgcc.a(_exit.o)
 .text.libgcc   0x00000000        0x0 /usr/local/Cellar/avr-gcc@9/9.4.0_1/lib/avr-gcc/9/gcc/avr/9.4.0/avr25/libgcc.a(_exit.o)
 .text.libgcc.prologue
                0x00000000        0x0 /usr/local/Cellar/avr-gcc@9/9.4.0_1/lib/avr-gcc/9/gcc/avr/9.4.0/avr25/libgcc.a(_exit.o)
 .text.libgcc.builtins
                0x00000000        0x0 /usr/local/Cellar/avr-gcc@9/9.4.0_1/lib/avr-gcc/9/gcc/avr/9.4.0/avr25/libgcc.a(_exit.o)
 .text.libgcc.fmul
                0x00000000        0x0 /usr/local/Cellar/avr-gcc@9/9.4.0_1/lib/avr-gcc/9/gcc/avr/9.4.0/avr25/libgcc.a(_exit.o)
 .text.libgcc.fixed
                0x00000000        0x0 /usr/local/Cellar/avr-gcc@9/9.4.0_1/lib/avr-gcc/9/gcc/avr/9.4.0/avr25/libgcc.a(_exit.o)
 .text          0x00000000        0x0 /usr/local/Cellar/avr-gcc@9/9.4.0_1/lib/avr-gcc/9/gcc/avr/9.4.0/avr25/libgcc.a(_copy_data.o)
 .data          0x00000000        0x0 /usr/local/Cellar/avr-gcc@9/9.4.0_1/lib/avr-gcc/9/gcc/avr/9.4.0/avr25/libgcc.a(_copy_data.o)
 .bss           0x00000000        0x0 /usr/local/Cellar/avr-gcc@9/9.4.0_1/lib/avr-gcc/9/gcc/avr/9.4.0/avr25/libgcc.a(_copy_data.o)
 .text.libgcc.mul
                0x00000000        0x0 /usr/local/Cellar/avr-gcc@9/9.4.0_1/lib/avr-gcc/9/gcc/avr/9.4.0/avr25/libgcc.a(_copy_data.o)
 .text.libgcc.div
                0x00000000        0x0 /usr/local/Cellar/avr-gcc@9/9.4.0_1/lib/avr-gcc/9/gcc/avr/9.4.0/avr25/libgcc.a(_copy_data.o)
 .text.libgcc   0x00000000        0x0 /usr/local/Cellar/avr-gcc@9/9.4.0_1/lib/avr-gcc/9/gcc/avr/9.4.0/avr25/libgcc.a(_copy_data.o)
 .text.libgcc.prologue
                0x00000000        0x0 /usr/local/Cellar/avr-gcc@9/9.4.0_1/lib/avr-gcc/9/gcc/avr/9.4.0/avr25/libgcc.a(_copy_data.o)
 .text.libgcc.builtins
                0x00000000        0x0 /usr/local/Cellar/avr-gcc@9/9.4.0_1/lib/avr-gcc/9/gcc/avr/9.4.0/avr25/libgcc.a(_copy_data.o)
 .text.libgcc.fmul
                0x00000000        0x0 /usr/local/Cellar/avr-gcc@9/9.4.0_1/lib/avr-gcc/9/gcc/avr/9.4.0/avr25/libgcc.a(_copy_data.o)
 .text.libgcc.fixed
                0x00000000        0x0 /usr/local/Cellar/avr-gcc@9/9.4.0_1/lib/avr-gcc/9/gcc/avr/9.4.0/avr25/libgcc.a(_copy_data.o)

Memory Configuration

Name             Origin             Length             Attributes
text             0x00000000         0x00002000         xr
data             0x00800060         0x0000ffa0         rw!x
eeprom           0x00810000         0x00010000         rw!x
fuse             0x00820000         0x00000003         rw!x
lock             0x00830000         0x00000400         rw!x
signature        0x00840000         0x00000400         rw!x
user_signatures  0x00850000         0x00000400         rw!x
*default*        0x00000000         0xffffffff

Linker script and memory map

LOAD /usr/local/Cellar/avr-gcc@9/9.4.0_1/lib/avr-gcc/9/gcc/avr/9.4.0/../../../../../../avr/lib/avr25/crtattiny85.o
LOAD /usr/local/Cellar/avr-gcc@9/9.4.0_1/avr/lib/avr25/libm.a
LOAD belleville.o
START GROUP
LOAD /usr/local/Cellar/avr-gcc@9/9.4.0_1/lib/avr-gcc/9/gcc/avr/9.4.0/avr25/libgcc.a
LOAD /usr/local/Cellar/avr-gcc@9/9.4.0_1/avr/lib/avr25/libm.a
LOAD /usr/local/Cellar/avr-gcc@9/9.4.0_1/avr/lib/avr25/libc.a
LOAD /usr/local/Cellar/avr-gcc@9/9.4.0_1/avr/lib/avr25/libattiny85.a
END GROUP
                0x00000000                        __TEXT_REGION_ORIGIN__ = DEFINED (__TEXT_REGION_ORIGIN__)?__TEXT_REGION_ORIGIN__:0x0
                0x00002000                        __TEXT_REGION_LENGTH__ = DEFINED (__TEXT_REGION_LENGTH__)?__TEXT_REGION_LENGTH__:0x2000
                0x00800060                        __DATA_REGION_ORIGIN__ = DEFINED (__DATA_REGION_ORIGIN__)?__DATA_REGION_ORIGIN__:0x800060
                0x0000ffa0                        __DATA_REGION_LENGTH__ = DEFINED (__DATA_REGION_LENGTH__)?__DATA_REGION_LENGTH__:0xffa0
                0x00010000                        __EEPROM_REGION_LENGTH__ = DEFINED (__EEPROM_REGION_LENGTH__)?__EEPROM_REGION_LENGTH__:0x10000
                [0x00000003]                      __FUSE_REGION_LENGTH__ = DEFINED (__FUSE_REGION_LENGTH__)?__FUSE_REGION_LENGTH__:0x400
                0x00000400                        __LOCK_REGION_LENGTH__ = DEFINED (__LOCK_REGION_LENGTH__)?__LOCK_REGION_LENGTH__:0x400
                0x00000400                        __SIGNATURE_REGION_LENGTH__ = DEFINED (__SIGNATURE_REGION_LENGTH__)?__SIGNATURE_REGION_LENGTH__:0x400
                0x00000400                        __USER_SIGNATURE_REGION_LENGTH__ = DEFINED (__USER_SIGNATURE_REGION_LENGTH__)?__USER_SIGNATURE_REGION_LENGTH__:0x400

.hash
 *(.hash)

.dynsym
 *(.dynsym)

.dynstr
 *(.dynstr)

.gnu.version
 *(.gnu.version)

.gnu.version_d
 *(.gnu.version_d)

.gnu.version_r
 *(.gnu.version_r)

.rel.init
 *(.rel.init)

.rela.init
 *(.rela.init)

.rel.text
 *(.rel.text)
 *(.rel.text.*)
 *(.rel.gnu.linkonce.t*)

.rela.text
 *(.rela.text)
 *(.rela.text.*)
 *(.rela.gnu.linkonce.t*)

.rel.fini
 *(.rel.fini)

.rela.fini
 *(.rela.fini)

.rel.rodata
 *(.rel.rodata)
 *(.rel.rodata.*)
 *(.rel.gnu.linkonce.r*)

.rela.rodata
 *(.rela.rodata)
 *(.rela.rodata.*)
 *(.rela.gnu.linkonce.r*)

.rel.data
 *(.rel.data)
 *(.rel.data.*)
 *(.rel.gnu.linkonce.d*)

.rela.data
 *(.rela.data)
 *(.rela.data.*)
 *(.rela.gnu.linkonce.d*)

.rel.ctors
 *(.rel.ctors)

.rela.ctors
 *(.rela.ctors)

.rel.dtors
 *(.rel.dtors)

.rela.dtors
 *(.rela.dtors)

.rel.got
 *(.rel.got)

.rela.got
 *(.rela.got)

.rel.bss
 *(.rel.bss)

.rela.bss
 *(.rela.bss)

.rel.plt
 *(.rel.plt)

.rela.plt
 *(.rela.plt)

.text           0x00000000      0x27c
 *(.vectors)
 .vectors       0x00000000       0x1e /usr/local/Cellar/avr-gcc@9/9.4.0_1/lib/avr-gcc/9/gcc/avr/9.4.0/../../../../../../avr/lib/avr25/crtattiny85.o
                0x00000000                __vectors
                0x00000000                __vector_default
 *(.vectors)
 *(.progmem.gcc*)
                0x0000001e                        . = ALIGN (0x2)
                0x0000001e                        __trampolines_start = .
 *(.trampolines)
 .trampolines   0x0000001e        0x0 linker stubs
 *(.trampolines*)
                0x0000001e                        __trampolines_end = .
 *libprintf_flt.a:*(.progmem.data)
 *libc.a:*(.progmem.data)
 *(.progmem.*)
                0x0000001e                        . = ALIGN (0x2)
 *(.lowtext)
 *(.lowtext*)
                0x0000001e                        __ctors_start = .
 *(.ctors)
                0x0000001e                        __ctors_end = .
                0x0000001e                        __dtors_start = .
 *(.dtors)
                0x0000001e                        __dtors_end = .
 SORT_BY_NAME(*)(.ctors)
 SORT_BY_NAME(*)(.dtors)
 *(.init0)
 .init0         0x0000001e        0x0 /usr/local/Cellar/avr-gcc@9/9.4.0_1/lib/avr-gcc/9/gcc/avr/9.4.0/../../../../../../avr/lib/avr25/crtattiny85.o
                0x0000001e                __init
 *(.init0)
 *(.init1)
 *(.init1)
 *(.init2)
 .init2         0x0000001e        0xc /usr/local/Cellar/avr-gcc@9/9.4.0_1/lib/avr-gcc/9/gcc/avr/9.4.0/../../../../../../avr/lib/avr25/crtattiny85.o
 *(.init2)
 *(.init3)
 *(.init3)
 *(.init4)
 .init4         0x0000002a       0x16 /usr/local/Cellar/avr-gcc@9/9.4.0_1/lib/avr-gcc/9/gcc/avr/9.4.0/avr25/libgcc.a(_copy_data.o)
                0x0000002a                __do_copy_data
 *(.init4)
 *(.init5)
 *(.init5)
 *(.init6)
 *(.init6)
 *(.init7)
 *(.init7)
 *(.init8)
 *(.init8)
 *(.init9)
 .init9         0x00000040        0x4 /usr/local/Cellar/avr-gcc@9/9.4.0_1/lib/avr-gcc/9/gcc/avr/9.4.0/../../../../../../avr/lib/avr25/crtattiny85.o
 *(.init9)
 *(.text)
 .text          0x00000044        0x2 /usr/local/Cellar/avr-gcc@9/9.4.0_1/lib/avr-gcc/9/gcc/avr/9.4.0/../../../../../../avr/lib/avr25/crtattiny85.o
                0x00000044                __vector_10
                0x00000044                __vector_12
                0x00000044                __bad_interrupt
                0x00000044                __vector_6
                0x00000044                __vector_3
                0x00000044                __vector_11
                0x00000044                __vector_13
                0x00000044                __vector_7
                0x00000044                __vector_5
                0x00000044                __vector_4
                0x00000044                __vector_9
                0x00000044                __vector_2
                0x00000044                __vector_8
                0x00000044                __vector_14
                0x00000044                __vector_1
 .text          0x00000046      0x232 belleville.o
                0x00000046                main
                0x000001e0                delayuss
                0x00000212                delayms
                0x00000278                        . = ALIGN (0x2)
 *(.text.*)
                0x00000278                        . = ALIGN (0x2)
 *(.fini9)
 .fini9         0x00000278        0x0 /usr/local/Cellar/avr-gcc@9/9.4.0_1/lib/avr-gcc/9/gcc/avr/9.4.0/avr25/libgcc.a(_exit.o)
                0x00000278                exit
                0x00000278                _exit
 *(.fini9)
 *(.fini8)
 *(.fini8)
 *(.fini7)
 *(.fini7)
 *(.fini6)
 *(.fini6)
 *(.fini5)
 *(.fini5)
 *(.fini4)
 *(.fini4)
 *(.fini3)
 *(.fini3)
 *(.fini2)
 *(.fini2)
 *(.fini1)
 *(.fini1)
 *(.fini0)
 .fini0         0x00000278        0x4 /usr/local/Cellar/avr-gcc@9/9.4.0_1/lib/avr-gcc/9/gcc/avr/9.4.0/avr25/libgcc.a(_exit.o)
 *(.fini0)
 *(.hightext)
 *(.hightext*)
 *(.progmemx.*)
                0x0000027c                        . = ALIGN (0x2)
 *(.jumptables)
 *(.jumptables*)
                0x0000027c                        _etext = .

.data           0x00800060       0x16 load address 0x0000027c
                0x00800060                        PROVIDE (__data_start = .)
 *(.data)
 .data          0x00800060       0x16 belleville.o
                0x00800060                Pitches1
                0x00800068                Pitches2
                0x00800072                NextRandom
 *(.data*)
 *(.gnu.linkonce.d*)
 *(.rodata)
 *(.rodata*)
 *(.gnu.linkonce.r*)
                0x00800076                        . = ALIGN (0x2)
                0x00800076                        _edata = .
                0x00800076                        PROVIDE (__data_end = .)

.bss            0x00800076        0x0
                [!provide]                        PROVIDE (__bss_start = .)
 *(.bss)
 *(.bss*)
 *(COMMON)
                [!provide]                        PROVIDE (__bss_end = .)
                0x0000027c                        __data_load_start = LOADADDR (.data)
                0x00000292                        __data_load_end = (__data_load_start + SIZEOF (.data))

.noinit         0x00800076        0x0
                [!provide]                        PROVIDE (__noinit_start = .)
 *(.noinit .noinit.* .gnu.linkonce.n.*)
                [!provide]                        PROVIDE (__noinit_end = .)
                0x00800076                        _end = .
                [!provide]                        PROVIDE (__heap_start = .)
                [!provide]                        PROVIDE (__flmap_init_label = DEFINED (__flmap_noinit_start)?__flmap_noinit_start:0x0)
                [!provide]                        PROVIDE (__flmap = DEFINED (__flmap)?__flmap:0x0)

.eeprom         0x00810000        0x0
 *(.eeprom*)
                0x00810000                        __eeprom_end = .

.fuse
 *(.fuse)
 *(.lfuse)
 *(.hfuse)
 *(.efuse)

.lock
 *(.lock*)

.signature
 *(.signature*)

.stab
 *(.stab)

.stabstr
 *(.stabstr)

.stab.excl
 *(.stab.excl)

.stab.exclstr
 *(.stab.exclstr)

.stab.index
 *(.stab.index)

.stab.indexstr
 *(.stab.indexstr)

.comment        0x00000000       0x26
 *(.comment)
 .comment       0x00000000       0x26 belleville.o
                                 0x27 (size before relaxing)

.note.gnu.avr.deviceinfo
                0x00000000       0x3c
 .note.gnu.avr.deviceinfo
                0x00000000       0x3c /usr/local/Cellar/avr-gcc@9/9.4.0_1/lib/avr-gcc/9/gcc/avr/9.4.0/../../../../../../avr/lib/avr25/crtattiny85.o

.gnu.build.attributes
 *(.gnu.build.attributes .gnu.build.attributes.*)

.note.gnu.build-id
 *(.note.gnu.build-id)

.debug
 *(.debug)

.line
 *(.line)

.debug_srcinfo
 *(.debug_srcinfo)

.debug_sfnames
 *(.debug_sfnames)

.debug_aranges  0x00000000       0x60
 *(.debug_aranges)
 .debug_aranges
                0x00000000       0x20 belleville.o
 .debug_aranges
                0x00000020       0x20 /usr/local/Cellar/avr-gcc@9/9.4.0_1/lib/avr-gcc/9/gcc/avr/9.4.0/avr25/libgcc.a(_exit.o)
 .debug_aranges
                0x00000040       0x20 /usr/local/Cellar/avr-gcc@9/9.4.0_1/lib/avr-gcc/9/gcc/avr/9.4.0/avr25/libgcc.a(_copy_data.o)

.debug_pubnames
 *(.debug_pubnames)

.debug_info     0x00000000      0x613
 *(.debug_info .gnu.linkonce.wi.*)
 .debug_info    0x00000000      0x420 /usr/local/Cellar/avr-gcc@9/9.4.0_1/lib/avr-gcc/9/gcc/avr/9.4.0/../../../../../../avr/lib/avr25/crtattiny85.o
 .debug_info    0x00000420      0x1a7 belleville.o
 .debug_info    0x000005c7       0x26 /usr/local/Cellar/avr-gcc@9/9.4.0_1/lib/avr-gcc/9/gcc/avr/9.4.0/avr25/libgcc.a(_exit.o)
 .debug_info    0x000005ed       0x26 /usr/local/Cellar/avr-gcc@9/9.4.0_1/lib/avr-gcc/9/gcc/avr/9.4.0/avr25/libgcc.a(_copy_data.o)

.debug_abbrev   0x00000000      0x4c6
 *(.debug_abbrev)
 .debug_abbrev  0x00000000      0x3e8 /usr/local/Cellar/avr-gcc@9/9.4.0_1/lib/avr-gcc/9/gcc/avr/9.4.0/../../../../../../avr/lib/avr25/crtattiny85.o
 .debug_abbrev  0x000003e8       0xb6 belleville.o
 .debug_abbrev  0x0000049e       0x14 /usr/local/Cellar/avr-gcc@9/9.4.0_1/lib/avr-gcc/9/gcc/avr/9.4.0/avr25/libgcc.a(_exit.o)
 .debug_abbrev  0x000004b2       0x14 /usr/local/Cellar/avr-gcc@9/9.4.0_1/lib/avr-gcc/9/gcc/avr/9.4.0/avr25/libgcc.a(_copy_data.o)

.debug_line     0x00000000      0x3be
 *(.debug_line .debug_line.* .debug_line_end)
 .debug_line    0x00000000       0x1d /usr/local/Cellar/avr-gcc@9/9.4.0_1/lib/avr-gcc/9/gcc/avr/9.4.0/../../../../../../avr/lib/avr25/crtattiny85.o
 .debug_line    0x0000001d      0x2af belleville.o
 .debug_line    0x000002cc       0x5e /usr/local/Cellar/avr-gcc@9/9.4.0_1/lib/avr-gcc/9/gcc/avr/9.4.0/avr25/libgcc.a(_exit.o)
 .debug_line    0x0000032a       0x94 /usr/local/Cellar/avr-gcc@9/9.4.0_1/lib/avr-gcc/9/gcc/avr/9.4.0/avr25/libgcc.a(_copy_data.o)

.debug_frame    0x00000000       0x74
 *(.debug_frame)
 .debug_frame   0x00000000       0x74 belleville.o

.debug_str      0x00000000      0x3ca
 *(.debug_str)
 .debug_str     0x00000000      0x169 /usr/local/Cellar/avr-gcc@9/9.4.0_1/lib/avr-gcc/9/gcc/avr/9.4.0/../../../../../../avr/lib/avr25/crtattiny85.o
 .debug_str     0x00000169      0x261 belleville.o
                                0x212 (size before relaxing)
 .debug_str     0x000003ca       0x83 /usr/local/Cellar/avr-gcc@9/9.4.0_1/lib/avr-gcc/9/gcc/avr/9.4.0/avr25/libgcc.a(_exit.o)
 .debug_str     0x000003ca       0x83 /usr/local/Cellar/avr-gcc@9/9.4.0_1/lib/avr-gcc/9/gcc/avr/9.4.0/avr25/libgcc.a(_copy_data.o)

.debug_loc
 *(.debug_loc)

.debug_macinfo
 *(.debug_macinfo)

.debug_weaknames
 *(.debug_weaknames)

.debug_funcnames
 *(.debug_funcnames)

.debug_typenames
 *(.debug_typenames)

.debug_varnames
 *(.debug_varnames)

.debug_pubtypes
 *(.debug_pubtypes)

.debug_ranges
 *(.debug_ranges)

.debug_addr
 *(.debug_addr)

.debug_line_str
 *(.debug_line_str)

.debug_loclists
 *(.debug_loclists)

.debug_macro
 *(.debug_macro)

.debug_names
 *(.debug_names)

.debug_rnglists
 *(.debug_rnglists)

.debug_str_offsets
 *(.debug_str_offsets)

.debug_sup
 *(.debug_sup)
OUTPUT(belleville.out elf32-avr)
LOAD linker stubs
